Archive member included because of file (symbol)

build/sky/contiki-ng-sky.a(sht11-sensor.o)
                              udp-client.o (sht11_sensor)
build/sky/contiki-ng-sky.a(button-sensor.o)
                              udp-client.o (button_sensor)
build/sky/contiki-ng-sky.a(sensors.o)
                              udp-client.o (sensors_event)
build/sky/contiki-ng-sky.a(uart1-putchar.o)
                              udp-client.o (putchar)
build/sky/contiki-ng-sky.a(platform.o)
                              build/sky/obj/contiki-main.o (platform_init_stage_one)
build/sky/contiki-ng-sky.a(msp430.o)
                              build/sky/contiki-ng-sky.a(platform.o) (msp430_dco_required)
build/sky/contiki-ng-sky.a(clock.o)
                              build/sky/obj/contiki-main.o (clock_init)
build/sky/contiki-ng-sky.a(leds.o)
                              build/sky/contiki-ng-sky.a(platform.o) (leds_init)
build/sky/contiki-ng-sky.a(leds-arch.o)
                              build/sky/contiki-ng-sky.a(leds.o) (leds_arch_init)
build/sky/contiki-ng-sky.a(watchdog.o)
                              build/sky/obj/contiki-main.o (watchdog_start)
build/sky/contiki-ng-sky.a(rtimer-arch.o)
                              build/sky/contiki-ng-sky.a(sht11-sensor.o) (rtimer_arch_now)
build/sky/contiki-ng-sky.a(autostart.o)
                              build/sky/obj/contiki-main.o (autostart_start)
build/sky/contiki-ng-sky.a(energest.o)
                              build/sky/obj/contiki-main.o (energest_init)
build/sky/contiki-ng-sky.a(etimer.o)
                              build/sky/contiki-ng-sky.a(clock.o) (etimer_request_poll)
build/sky/contiki-ng-sky.a(log.o)
                              udp-client.o (log_6addr)
build/sky/contiki-ng-sky.a(ctimer.o)
                              build/sky/obj/contiki-main.o (ctimer_init)
build/sky/contiki-ng-sky.a(rtimer.o)
                              build/sky/obj/contiki-main.o (rtimer_init)
build/sky/contiki-ng-sky.a(node-id.o)
                              build/sky/obj/contiki-main.o (node_id_init)
build/sky/contiki-ng-sky.a(process.o)
                              build/sky/contiki-ng-sky.a(etimer.o) (process_current)
build/sky/contiki-ng-sky.a(timer.o)
                              build/sky/contiki-ng-sky.a(button-sensor.o) (timer_set)
build/sky/contiki-ng-sky.a(list.o)
                              build/sky/contiki-ng-sky.a(ctimer.o) (list_init)
build/sky/contiki-ng-sky.a(random.o)
                              build/sky/contiki-ng-sky.a(platform.o) (random_init)
build/sky/contiki-ng-sky.a(queuebuf.o)
                              build/sky/obj/contiki-main.o (queuebuf_init)
build/sky/contiki-ng-sky.a(packetbuf.o)
                              build/sky/contiki-ng-sky.a(queuebuf.o) (packetbuf_copyto)
build/sky/contiki-ng-sky.a(netstack.o)
                              build/sky/obj/contiki-main.o (netstack_init)
build/sky/contiki-ng-sky.a(linkaddr.o)
                              build/sky/contiki-ng-sky.a(platform.o) (linkaddr_copy)
build/sky/contiki-ng-sky.a(csma.o)
                              build/sky/obj/contiki-main.o (csma_driver)
build/sky/contiki-ng-sky.a(csma-output.o)
                              build/sky/contiki-ng-sky.a(csma.o) (csma_output_packet)
build/sky/contiki-ng-sky.a(uip-ds6.o)
                              build/sky/obj/contiki-main.o (uip_ds6_get_link_local)
build/sky/contiki-ng-sky.a(uip-ds6-route.o)
                              build/sky/contiki-ng-sky.a(uip-ds6.o) (uip_ds6_route_init)
build/sky/contiki-ng-sky.a(uip-ds6-nbr.o)
                              build/sky/contiki-ng-sky.a(uip-ds6.o) (uip_ds6_neighbors_init)
build/sky/contiki-ng-sky.a(tcpip.o)
                              build/sky/obj/contiki-main.o (tcpip_process)
build/sky/contiki-ng-sky.a(uip6.o)
                              build/sky/contiki-ng-sky.a(tcpip.o) (uip_aligned_buf)
build/sky/contiki-ng-sky.a(uip-nd6.o)
                              build/sky/contiki-ng-sky.a(uip6.o) (uip_nd6_init)
build/sky/contiki-ng-sky.a(simple-udp.o)
                              udp-client.o (simple_udp_sendto)
build/sky/contiki-ng-sky.a(sicslowpan.o)
                              build/sky/obj/contiki-main.o (sicslowpan_driver)
build/sky/contiki-ng-sky.a(uiplib.o)
                              build/sky/contiki-ng-sky.a(log.o) (uiplib_ipaddr_snprint)
build/sky/contiki-ng-sky.a(rpl.o)
                              udp-client.o (rpl_lite_driver)
build/sky/contiki-ng-sky.a(rpl-icmp6.o)
                              build/sky/contiki-ng-sky.a(rpl.o) (rpl_icmp6_init)
build/sky/contiki-ng-sky.a(rpl-dag-root.o)
                              build/sky/contiki-ng-sky.a(rpl.o) (rpl_dag_root_set_prefix)
build/sky/contiki-ng-sky.a(contiki-sky-pla)
                              build/sky/contiki-ng-sky.a(platform.o) (init_platform)
build/sky/contiki-ng-sky.a(sht11.o)
                              build/sky/contiki-ng-sky.a(sht11-sensor.o) (sht11_init)
build/sky/contiki-ng-sky.a(ds2411.o)
[...]
Memory Configuration

Name             Origin             Length             Attributes
sfr              0x00000000         0x00000010
peripheral_8bit  0x00000010         0x000000f0
peripheral_16bit 0x00000100         0x00000100
ram_mirror       0x00000200         0x00000800         xw
infomem          0x00001000         0x00000100
infob            0x00001000         0x00000080
infoa            0x00001080         0x00000080
ram              0x00001100         0x00002800         xw
rom              0x00004000         0x0000bfe0         xr
vectors          0x0000ffe0         0x00000020
bsl              0x00000000         0x00000000
infoc            0x00000000         0x00000000
infod            0x00000000         0x00000000
ram2             0x00000000         0x00000000         xw
usbram           0x00000000         0x00000000         xw
far_rom          0x00000000         0x00000000
*default*        0x00000000         0xffffffff

Linker script and memory map

LOAD /usr/local/bin/../lib/gcc/msp430/4.7.2/mmpy-16/crt0ivtbl16.o
                0x00002da8                _stack = _end
LOAD udp-client.o
LOAD build/sky/obj/contiki-main.o
LOAD build/sky/contiki-ng-sky.a
LOAD /usr/local/bin/../lib/gcc/msp430/4.7.2/mmpy-16/libgcc.a
LOAD /usr/local/bin/../lib/gcc/msp430/4.7.2/../../../../msp430/lib/mmpy-16/libc.a
LOAD /usr/local/bin/../lib/gcc/msp430/4.7.2/mmpy-16/libgcc.a
LOAD /usr/local/bin/../lib/gcc/msp430/4.7.2/mmpy-16/libcrt0.a
                0x00000080                PROVIDE (__info_segment_size, 0x80)
                0x00001000                PROVIDE (__infob, 0x1000)
                0x00001080                PROVIDE (__infoa, 0x1080)
                0x00000000                __IE1 = 0x0
                0x00000002                __IFG1 = 0x2
                0x00000004                __ME1 = 0x4
                0x00000001                __IE2 = 0x1
                0x00000003                __IFG2 = 0x3
                0x00000005                __ME2 = 0x5
                0x00000120                __WDTCTL = 0x120
                0x00000130                __MPY = 0x130
                0x00000132                __MPYS = 0x132
                0x00000134                __MAC = 0x134
                0x00000136                __MACS = 0x136
                0x00000138                __OP2 = 0x138
                0x0000013a                __RESLO = 0x13a
                0x0000013c                __RESHI = 0x13c
                0x0000013e                __SUMEXT = 0x13e
                0x00000020                __P1IN = 0x20
                0x00000021                __P1OUT = 0x21
                0x00000022                __P1DIR = 0x22
                0x00000023                __P1IFG = 0x23
                0x00000024                __P1IES = 0x24
                0x00000025                __P1IE = 0x25
                0x00000026                __P1SEL = 0x26
                0x00000028                __P2IN = 0x28
                0x00000029                __P2OUT = 0x29
                0x0000002a                __P2DIR = 0x2a
                0x0000002b                __P2IFG = 0x2b
                0x0000002c                __P2IES = 0x2c
                0x0000002d                __P2IE = 0x2d
                0x0000002e                __P2SEL = 0x2e
                0x00000018                __P3IN = 0x18
                0x00000019                __P3OUT = 0x19
                0x0000001a                __P3DIR = 0x1a
                0x0000001b                __P3SEL = 0x1b
                0x0000001c                __P4IN = 0x1c
                0x0000001d                __P4OUT = 0x1d
                0x0000001e                __P4DIR = 0x1e
                0x0000001f                __P4SEL = 0x1f
                0x00000030                __P5IN = 0x30
                0x00000031                __P5OUT = 0x31
                0x00000032                __P5DIR = 0x32
                0x00000033                __P5SEL = 0x33
                0x00000034                __P6IN = 0x34
                0x00000035                __P6OUT = 0x35
                0x00000036                __P6DIR = 0x36
                0x00000037                __P6SEL = 0x37
                0x00000070                __U0CTL = 0x70
                0x00000071                __U0TCTL = 0x71
                0x00000072                __U0RCTL = 0x72
                0x00000073                __U0MCTL = 0x73
                0x00000074                __U0BR0 = 0x74
                0x00000075                __U0BR1 = 0x75
                0x00000076                __U0RXBUF = 0x76
                0x00000077                __U0TXBUF = 0x77
                0x00000078                __U1CTL = 0x78
                0x00000079                __U1TCTL = 0x79
                0x0000007a                __U1RCTL = 0x7a
                0x0000007b                __U1MCTL = 0x7b
                0x0000007c                __U1BR0 = 0x7c
                0x0000007d                __U1BR1 = 0x7d
                0x0000007e                __U1RXBUF = 0x7e
                0x0000007f                __U1TXBUF = 0x7f
                0x00000050                __I2CIE = 0x50
                0x00000051                __I2CIFG = 0x51
                0x00000052                __I2CNDAT = 0x52
                0x00000071                __I2CTCTL = 0x71
                0x00000072                __I2CDCTL = 0x72
                0x00000073                __I2CPSC = 0x73
                0x00000074                __I2CSCLH = 0x74
                0x00000075                __I2CSCLL = 0x75
                0x00000076                __I2CDRB = 0x76
                0x00000076                __I2CDRW = 0x76
                0x00000118                __I2COA = 0x118
                0x0000011a                __I2CSA = 0x11a
                0x0000011c                __I2CIV = 0x11c
                0x0000012e                __TAIV = 0x12e
                0x00000160                __TACTL = 0x160
                0x00000162                __TACCTL0 = 0x162
                0x00000164                __TACCTL1 = 0x164
                0x00000166                __TACCTL2 = 0x166
                0x00000170                __TAR = 0x170
                0x00000172                __TACCR0 = 0x172
                0x00000174                __TACCR1 = 0x174
                0x00000176                __TACCR2 = 0x176
                0x0000011e                __TBIV = 0x11e
                0x00000180                __TBCTL = 0x180
                0x00000182                __TBCCTL0 = 0x182
                0x00000184                __TBCCTL1 = 0x184
                0x00000186                __TBCCTL2 = 0x186
                0x00000188                __TBCCTL3 = 0x188
                0x0000018a                __TBCCTL4 = 0x18a
                0x0000018c                __TBCCTL5 = 0x18c
                0x0000018e                __TBCCTL6 = 0x18e
                0x00000190                __TBR = 0x190
                0x00000192                __TBCCR0 = 0x192
                0x00000194                __TBCCR1 = 0x194
                0x00000196                __TBCCR2 = 0x196
                0x00000198                __TBCCR3 = 0x198
                0x0000019a                __TBCCR4 = 0x19a
                0x0000019c                __TBCCR5 = 0x19c
                0x0000019e                __TBCCR6 = 0x19e
                0x00000056                __DCOCTL = 0x56
                0x00000057                __BCSCTL1 = 0x57
                0x00000058                __BCSCTL2 = 0x58
                0x00000055                __SVSCTL = 0x55
                0x00000128                __FCTL1 = 0x128
                0x0000012a                __FCTL2 = 0x12a
                0x0000012c                __FCTL3 = 0x12c
                0x00000059                __CACTL1 = 0x59
                0x0000005a                __CACTL2 = 0x5a
                0x0000005b                __CAPD = 0x5b
                0x000001a0                __ADC12CTL0 = 0x1a0
                0x000001a2                __ADC12CTL1 = 0x1a2
                0x000001a4                __ADC12IFG = 0x1a4
                0x000001a6                __ADC12IE = 0x1a6
                0x000001a8                __ADC12IV = 0x1a8
                0x00000140                __ADC12MEM0 = 0x140
                0x00000142                __ADC12MEM1 = 0x142
                0x00000144                __ADC12MEM2 = 0x144
                0x00000146                __ADC12MEM3 = 0x146
                0x00000148                __ADC12MEM4 = 0x148
                0x0000014a                __ADC12MEM5 = 0x14a
                0x0000014c                __ADC12MEM6 = 0x14c
                0x0000014e                __ADC12MEM7 = 0x14e
                0x00000150                __ADC12MEM8 = 0x150
                0x00000152                __ADC12MEM9 = 0x152
                0x00000154                __ADC12MEM10 = 0x154
                0x00000156                __ADC12MEM11 = 0x156
                0x00000158                __ADC12MEM12 = 0x158
                0x0000015a                __ADC12MEM13 = 0x15a
                0x0000015c                __ADC12MEM14 = 0x15c
                0x0000015e                __ADC12MEM15 = 0x15e
                0x00000080                __ADC12MCTL0 = 0x80
                0x00000081                __ADC12MCTL1 = 0x81
                0x00000082                __ADC12MCTL2 = 0x82
                0x00000083                __ADC12MCTL3 = 0x83
                0x00000084                __ADC12MCTL4 = 0x84
                0x00000085                __ADC12MCTL5 = 0x85
                0x00000086                __ADC12MCTL6 = 0x86
                0x00000087                __ADC12MCTL7 = 0x87
                0x00000088                __ADC12MCTL8 = 0x88
                0x00000089                __ADC12MCTL9 = 0x89
                0x0000008a                __ADC12MCTL10 = 0x8a
                0x0000008b                __ADC12MCTL11 = 0x8b
                0x0000008c                __ADC12MCTL12 = 0x8c
                0x0000008d                __ADC12MCTL13 = 0x8d
                0x0000008e                __ADC12MCTL14 = 0x8e
                0x0000008f                __ADC12MCTL15 = 0x8f
                0x000001c0                __DAC12_0CTL = 0x1c0
                0x000001c2                __DAC12_1CTL = 0x1c2
                0x000001c8                __DAC12_0DAT = 0x1c8
                0x000001ca                __DAC12_1DAT = 0x1ca
                0x00000122                __DMACTL0 = 0x122
                0x00000124                __DMACTL1 = 0x124
                0x000001e0                __DMA0CTL = 0x1e0
                0x000001e8                __DMA1CTL = 0x1e8
                0x000001f0                __DMA2CTL = 0x1f0
                0x000001e2                __DMA0SA = 0x1e2
                0x000001e4                __DMA0DA = 0x1e4
                0x000001e6                __DMA0SZ = 0x1e6
                0x000001ea                __DMA1SA = 0x1ea
                0x000001ec                __DMA1DA = 0x1ec
                0x000001ee                __DMA1SZ = 0x1ee
                0x000001f2                __DMA2SA = 0x1f2
                0x000001f4                __DMA2DA = 0x1f4
                0x000001f6                __DMA2SZ = 0x1f6

.hash
 *(.hash)

.dynsym
 *(.dynsym)

.dynstr
 *(.dynstr)

.gnu.version
 *(.gnu.version)

.gnu.version_d
 *(.gnu.version_d)

.gnu.version_r
 *(.gnu.version_r)

.rel.init
 *(.rel.init)

.rela.init
 *(.rela.init)

.rel.fini
 *(.rel.fini)

.rela.fini
 *(.rela.fini)

.rel.text
 *(.rel.text .rel.text.* .rel.gnu.linkonce.t.*)

.rela.text
 *(.rela.text .rela.text.* .rela.gnu.linkonce.t.*)

.rel.rodata
 *(.rel.rodata .rel.rodata.* .rel.gnu.linkonce.r.*)

.rela.rodata
 *(.rela.rodata .rela.rodata.* .rela.gnu.linkonce.r.*)

.rel.data
 *(.rel.data .rel.data.* .rel.gnu.linkonce.d.*)

.rela.data
 *(.rela.data .rela.data.* .rela.gnu.linkonce.d.*)

.rel.bss
 *(.rel.bss .rel.bss.* .rel.gnu.linkonce.b.*)

.rela.bss
 *(.rela.bss .rela.bss.* .rela.gnu.linkonce.b.*)

.rel.ctors
 *(.rel.ctors)

.rela.ctors
 *(.rela.ctors)

.rel.dtors
 *(.rel.dtors)

.rela.dtors
 *(.rela.dtors)

.rel.got
 *(.rel.got)

.rela.got
 *(.rela.got)

.rel.plt
 *(.rel.plt)

.rela.plt
 *(.rela.plt)

.text           0x00004000     0xa69c
                0x00004000                . = ALIGN (0x2)
 *(.init .init.*)
 *(.init0)
 .init0         0x00004000        0x0 /usr/local/bin/../lib/gcc/msp430/4.7.2/mmpy-16/libcrt0.a(_reset_vector__.o)
                0x00004000                _reset_vector__
 *(.init1)
 .init1         0x00004000        0xc /usr/local/bin/../lib/gcc/msp430/4.7.2/mmpy-16/libcrt0.a(__watchdog_support.o)
                0x00004000                __watchdog_support
 *(.init2)
 .init2         0x0000400c        0x4 /usr/local/bin/../lib/gcc/msp430/4.7.2/mmpy-16/libcrt0.a(__init_stack.o)
                0x0000400c                __init_stack
 *(.init3)
 .init3         0x00004010        0x0 /usr/local/bin/../lib/gcc/msp430/4.7.2/mmpy-16/libcrt0.a(__low_level_init.o)
                0x00004010                __low_level_init
 *(.init4)
 .init4         0x00004010       0x18 /usr/local/bin/../lib/gcc/msp430/4.7.2/mmpy-16/libcrt0.a(_copy_data.o)
                0x00004010                __do_copy_data
 .init4         0x00004028       0x16 /usr/local/bin/../lib/gcc/msp430/4.7.2/mmpy-16/libcrt0.a(_clear_bss.o)
                0x00004028                __do_clear_bss
 *(.init5)
 *(.init6)
 *(.init7)
 *(.init8)
 *(.init9)
 .init9         0x0000403e      0x22e build/sky/obj/contiki-main.o
                0x0000403e                main
 *(.fini9)
 .fini9         0x0000426c        0x0 /usr/local/bin/../lib/gcc/msp430/4.7.2/mmpy-16/libcrt0.a(__stop_progExec__.o)
                0x0000426c                __stop_progExec__
 *(.fini8)
 *(.fini7)
 *(.fini6)
 *(.fini5)
 *(.fini4)
 *(.fini3)
 *(.fini2)
 *(.fini1)
 *(.fini0)
 .fini0         0x0000426c        0x6 /usr/local/bin/../lib/gcc/msp430/4.7.2/mmpy-16/libcrt0.a(_endless_loop__.o)
                0x0000426c                _endless_loop__
 *(.fini .fini.*)
                0x00004272                . = ALIGN (0x2)
                0x00004272                __ctors_start = .
 *(.ctors)
                0x00004272                __ctors_end = .
                0x00004272                __dtors_start = .
 *(.dtors)
                0x00004272                __dtors_end = .
                0x00004272                . = ALIGN (0x2)
 *(.text .text.* .gnu.linkonce.t.*)
 .text          0x00004272        0x4 /usr/local/bin/../lib/gcc/msp430/4.7.2/mmpy-16/crt0ivtbl16.o
                0x00004272                __isr_14
                0x00004272                __isr_11
                0x00004272                __isr_2
                0x00004272                __isr_7
                0x00004272                __isr_0
                0x00004272                __isr_8
                0x00004272                __isr_3
                0x00004272                __isr_12
                0x00004272                __isr_13
                0x00004272                __isr_9
 .text.udp_rx_callback
                0x00004276       0x3e udp-client.o
 .text.process_thread_udp_client_process
                0x000042b4      0x152 udp-client.o
 .text.status   0x00004406       0x14 build/sky/contiki-ng-sky.a(sht11-sensor.o)
 .text.value    0x0000441a       0x30 build/sky/contiki-ng-sky.a(sht11-sensor.o)
 .text.configure
                0x0000444a       0x3e build/sky/contiki-ng-sky.a(sht11-sensor.o)
 .text.status   0x00004488       0x18 build/sky/contiki-ng-sky.a(button-sensor.o)
 .text.value    0x000044a0       0x20 build/sky/contiki-ng-sky.a(button-sensor.o)
 .text.configure
                0x000044c0       0x4c build/sky/contiki-ng-sky.a(button-sensor.o)
 .text.irq_p2   0x0000450c       0x46 build/sky/contiki-ng-sky.a(button-sensor.o)
                0x0000450c                irq_p2
                0x0000450c                __isr_1
 .text.process_thread_sensors_process
                0x00004552       0xc2 build/sky/contiki-ng-sky.a(sensors.o)
 .text.sensors_changed
                0x00004614       0x2a build/sky/contiki-ng-sky.a(sensors.o)
                0x00004614                sensors_changed
 .text.putchar  0x0000463e       0x10 build/sky/contiki-ng-sky.a(uart1-putchar.o)
                0x0000463e                putchar
 .text.platform_init_stage_one
                0x0000464e       0x12 build/sky/contiki-ng-sky.a(platform.o)
                0x0000464e                platform_init_stage_one
 .text.platform_init_stage_two
                0x00004660       0x64 build/sky/contiki-ng-sky.a(platform.o)
                0x00004660                platform_init_stage_two
 .text.platform_init_stage_three
                0x000046c4       0x7a build/sky/contiki-ng-sky.a(platform.o)
                0x000046c4                platform_init_stage_three
 .text.platform_idle
                0x0000473e       0x54 build/sky/contiki-ng-sky.a(platform.o)
                0x0000473e                platform_idle
 .text.msp430_init_dco
                0x00004792       0x82 build/sky/contiki-ng-sky.a(msp430.o)
                0x00004792                msp430_init_dco
 .text.msp430_add_lpm_req
                0x00004814        0xc build/sky/contiki-ng-sky.a(msp430.o)
                0x00004814                msp430_add_lpm_req
 .text.msp430_cpu_init
                0x00004820       0x2a build/sky/contiki-ng-sky.a(msp430.o)
                0x00004820                msp430_cpu_init
 .text.splhigh_
                0x0000484a        0x8 build/sky/contiki-ng-sky.a(msp430.o)
                0x0000484a                splhigh_
 .text.msp430_sync_dco
                0x00004852       0x6c build/sky/contiki-ng-sky.a(msp430.o)
                0x00004852                msp430_sync_dco
 .text.timera1  0x000048be       0xdc build/sky/contiki-ng-sky.a(clock.o)
                0x000048be                __isr_5
                0x000048be                timera1
 .text.clock_time
                0x0000499a       0x1a build/sky/contiki-ng-sky.a(clock.o)
                0x0000499a                clock_time
 .text.clock_init
                0x000049b4       0x28 build/sky/contiki-ng-sky.a(clock.o)
                0x000049b4                clock_init
 .text.clock_delay
                0x000049dc        0xc build/sky/contiki-ng-sky.a(clock.o)
                0x000049dc                clock_delay
 .text.clock_wait
                0x000049e8       0x30 build/sky/contiki-ng-sky.a(clock.o)
                0x000049e8                clock_wait
 .text.clock_seconds
                0x00004a18       0x1a build/sky/contiki-ng-sky.a(clock.o)
                0x00004a18                clock_seconds
 .text.leds_init
                0x00004a32        0x6 build/sky/contiki-ng-sky.a(leds.o)
                0x00004a32                leds_init
 .text.leds_on  0x00004a38       0x12 build/sky/contiki-ng-sky.a(leds.o)
                0x00004a38                leds_on
 .text.leds_off
                0x00004a4a       0x12 build/sky/contiki-ng-sky.a(leds.o)
                0x00004a4a                leds_off
 .text.leds_arch_init
                0x00004a5c        0xe build/sky/contiki-ng-sky.a(leds-arch.o)
                0x00004a5c                leds_arch_init
 .text.leds_arch_get
                0x00004a6a       0x34 build/sky/contiki-ng-sky.a(leds-arch.o)
                0x00004a6a                leds_arch_get
 .text.leds_arch_set
                0x00004a9e       0x3e build/sky/contiki-ng-sky.a(leds-arch.o)
                0x00004a9e                leds_arch_set
 .text.watchdog_interrupt
                0x00004adc        0x6 build/sky/contiki-ng-sky.a(watchdog.o)
                0x00004adc                __isr_10
                0x00004adc                watchdog_interrupt
 .text.watchdog_start
                0x00004ae2       0x14 build/sky/contiki-ng-sky.a(watchdog.o)
                0x00004ae2                watchdog_start
 .text.watchdog_periodic
                0x00004af6       0x12 build/sky/contiki-ng-sky.a(watchdog.o)
                0x00004af6                watchdog_periodic
 .text.watchdog_stop
                0x00004b08       0x16 build/sky/contiki-ng-sky.a(watchdog.o)
                0x00004b08                watchdog_stop
 .text.watchdog_init
                0x00004b1e       0x12 build/sky/contiki-ng-sky.a(watchdog.o)
                0x00004b1e                watchdog_init
 .text.timera0  0x00004b30       0x2e build/sky/contiki-ng-sky.a(rtimer-arch.o)
                0x00004b30                __isr_6
                0x00004b30                timera0
 .text.rtimer_arch_init
                0x00004b5e        0xe build/sky/contiki-ng-sky.a(rtimer-arch.o)
                0x00004b5e                rtimer_arch_init
 .text.rtimer_arch_now
                0x00004b6c        0xe build/sky/contiki-ng-sky.a(rtimer-arch.o)
                0x00004b6c                rtimer_arch_now
 .text.rtimer_arch_schedule
                0x00004b7a        0x6 build/sky/contiki-ng-sky.a(rtimer-arch.o)
                0x00004b7a                rtimer_arch_schedule
 .text.autostart_start
                0x00004b80       0x16 build/sky/contiki-ng-sky.a(autostart.o)
                0x00004b80                autostart_start
 .text.energest_init
                0x00004b96        0x2 build/sky/contiki-ng-sky.a(energest.o)
                0x00004b96                energest_init
 .text.energest_flush
                0x00004b98        0x2 build/sky/contiki-ng-sky.a(energest.o)
                0x00004b98                energest_flush
 .text.update_time
                0x00004b9a       0x78 build/sky/contiki-ng-sky.a(etimer.o)
 .text.etimer_request_poll
                0x00004c12        0xa build/sky/contiki-ng-sky.a(etimer.o)
                0x00004c12                etimer_request_poll
 .text.process_thread_etimer_process
                0x00004c1c       0xcc build/sky/contiki-ng-sky.a(etimer.o)
 .text.add_timer
                0x00004ce8       0x40 build/sky/contiki-ng-sky.a(etimer.o)
 .text.etimer_set
                0x00004d28       0x12 build/sky/contiki-ng-sky.a(etimer.o)
                0x00004d28                etimer_set
 .text.etimer_reset
                0x00004d3a       0x12 build/sky/contiki-ng-sky.a(etimer.o)
                0x00004d3a                etimer_reset
 .text.etimer_expired
                0x00004d4c        0xe build/sky/contiki-ng-sky.a(etimer.o)
                0x00004d4c                etimer_expired
 .text.etimer_pending
                0x00004d5a        0xc build/sky/contiki-ng-sky.a(etimer.o)
                0x00004d5a                etimer_pending
 .text.etimer_next_expiration_time
                0x00004d66       0x16 build/sky/contiki-ng-sky.a(etimer.o)
                0x00004d66                etimer_next_expiration_time
 .text.etimer_stop
                0x00004d7c       0x3e build/sky/contiki-ng-sky.a(etimer.o)
                0x00004d7c                etimer_stop
 .text.log_6addr
                0x00004dba       0x32 build/sky/contiki-ng-sky.a(log.o)
                0x00004dba                log_6addr
 .text.log_lladdr
                0x00004dec       0x44 build/sky/contiki-ng-sky.a(log.o)
                0x00004dec                log_lladdr
 .text.process_thread_ctimer_process
                0x00004e30       0xa8 build/sky/contiki-ng-sky.a(ctimer.o)
 .text.ctimer_init
                0x00004ed8       0x18 build/sky/contiki-ng-sky.a(ctimer.o)
                0x00004ed8                ctimer_init
 .text.ctimer_set_with_process
                0x00004ef0       0x4e build/sky/contiki-ng-sky.a(ctimer.o)
                0x00004ef0                ctimer_set_with_process
 .text.ctimer_set
                0x00004f3e       0x10 build/sky/contiki-ng-sky.a(ctimer.o)
                0x00004f3e                ctimer_set
 .text.ctimer_reset
                0x00004f4e       0x30 build/sky/contiki-ng-sky.a(ctimer.o)
                0x00004f4e                ctimer_reset
 .text.ctimer_stop
                0x00004f7e       0x28 build/sky/contiki-ng-sky.a(ctimer.o)
                0x00004f7e                ctimer_stop
 .text.ctimer_expired
                0x00004fa6       0x30 build/sky/contiki-ng-sky.a(ctimer.o)
                0x00004fa6                ctimer_expired
 .text.rtimer_init
                0x00004fd6        0x6 build/sky/contiki-ng-sky.a(rtimer.o)
                0x00004fd6                rtimer_init
 .text.rtimer_run_next
                0x00004fdc       0x26 build/sky/contiki-ng-sky.a(rtimer.o)
                0x00004fdc                rtimer_run_next
 .text.node_id_init
                0x00005002       0x14 build/sky/contiki-ng-sky.a(node-id.o)
                0x00005002                node_id_init
 .text.call_process
                0x00005016       0x46 build/sky/contiki-ng-sky.a(process.o)
 .text.exit_process
                0x0000505c       0x96 build/sky/contiki-ng-sky.a(process.o)
 .text.do_poll  0x000050f2       0x30 build/sky/contiki-ng-sky.a(process.o)
 .text.process_alloc_event
                0x00005122        0xe build/sky/contiki-ng-sky.a(process.o)
                0x00005122                process_alloc_event
 .text.process_init
                0x00005130       0x18 build/sky/contiki-ng-sky.a(process.o)
                0x00005130                process_init
 .text.process_run
                0x00005148       0x92 build/sky/contiki-ng-sky.a(process.o)
                0x00005148                process_run
 .text.process_nevents
                0x000051da        0xe build/sky/contiki-ng-sky.a(process.o)
                0x000051da                process_nevents
 .text.process_post
                0x000051e8       0x42 build/sky/contiki-ng-sky.a(process.o)
                0x000051e8                process_post
 .text.process_post_synch
                0x0000522a       0x12 build/sky/contiki-ng-sky.a(process.o)
                0x0000522a                process_post_synch
 .text.process_start
                0x0000523c       0x36 build/sky/contiki-ng-sky.a(process.o)
                0x0000523c                process_start
 .text.process_poll
                0x00005272       0x18 build/sky/contiki-ng-sky.a(process.o)
                0x00005272                process_poll
 .text.timer_set
                0x0000528a       0x1c build/sky/contiki-ng-sky.a(timer.o)
                0x0000528a                timer_set
 .text.timer_expired
                0x000052a6       0x2a build/sky/contiki-ng-sky.a(timer.o)
                0x000052a6                timer_expired
 .text.timer_reset
                0x000052d0       0x1c build/sky/contiki-ng-sky.a(timer.o)
                0x000052d0                timer_reset
 .text.list_init
                0x000052ec        0x6 build/sky/contiki-ng-sky.a(list.o)
                0x000052ec                list_init
 .text.list_head
                0x000052f2        0x4 build/sky/contiki-ng-sky.a(list.o)
                0x000052f2                list_head
 .text.list_tail
                0x000052f6       0x12 build/sky/contiki-ng-sky.a(list.o)
                0x000052f6                list_tail
 .text.list_remove
                0x00005308       0x34 build/sky/contiki-ng-sky.a(list.o)
                0x00005308                list_remove
 .text.list_push
                0x0000533c       0x1a build/sky/contiki-ng-sky.a(list.o)
                0x0000533c                list_push
 .text.list_add
                0x00005356       0x2a build/sky/contiki-ng-sky.a(list.o)
                0x00005356                list_add
 .text.list_length
                0x00005380       0x10 build/sky/contiki-ng-sky.a(list.o)
                0x00005380                list_length
 .text.list_item_next
                0x00005390        0xc build/sky/contiki-ng-sky.a(list.o)
                0x00005390                list_item_next
 .text.random_init
                0x0000539c        0x6 build/sky/contiki-ng-sky.a(random.o)
                0x0000539c                random_init
 .text.random_rand
                0x000053a2        0x6 build/sky/contiki-ng-sky.a(random.o)
                0x000053a2                random_rand
 .text.queuebuf_init
                0x000053a8       0x12 build/sky/contiki-ng-sky.a(queuebuf.o)
                0x000053a8                queuebuf_init
 .text.queuebuf_numfree
                0x000053ba        0xa build/sky/contiki-ng-sky.a(queuebuf.o)
                0x000053ba                queuebuf_numfree
 .text.queuebuf_new_from_packetbuf
                0x000053c4       0x52 build/sky/contiki-ng-sky.a(queuebuf.o)
                0x000053c4                queuebuf_new_from_packetbuf
 .text.queuebuf_update_attr_from_packetbuf
                0x00005416       0x12 build/sky/contiki-ng-sky.a(queuebuf.o)
                0x00005416                queuebuf_update_attr_from_packetbuf
 .text.queuebuf_free
                0x00005428       0x2a build/sky/contiki-ng-sky.a(queuebuf.o)
                0x00005428                queuebuf_free
 .text.queuebuf_to_packetbuf
                0x00005452       0x32 build/sky/contiki-ng-sky.a(queuebuf.o)
                0x00005452                queuebuf_to_packetbuf
 .text.packetbuf_hdrreduce
                0x00005484       0x1a build/sky/contiki-ng-sky.a(packetbuf.o)
                0x00005484                packetbuf_hdrreduce
 .text.packetbuf_set_datalen
                0x0000549e        0x6 build/sky/contiki-ng-sky.a(packetbuf.o)
                0x0000549e                packetbuf_set_datalen
 .text.packetbuf_hdrptr
                0x000054a4        0x6 build/sky/contiki-ng-sky.a(packetbuf.o)
                0x000054a4                packetbuf_hdrptr
 .text.packetbuf_datalen
                0x000054aa        0x6 build/sky/contiki-ng-sky.a(packetbuf.o)
                0x000054aa                packetbuf_datalen
 .text.packetbuf_hdrlen
                0x000054b0        0xa build/sky/contiki-ng-sky.a(packetbuf.o)
                0x000054b0                packetbuf_hdrlen
 .text.packetbuf_dataptr
                0x000054ba        0xc build/sky/contiki-ng-sky.a(packetbuf.o)
                0x000054ba                packetbuf_dataptr
 .text.packetbuf_copyto
                0x000054c6       0x46 build/sky/contiki-ng-sky.a(packetbuf.o)
                0x000054c6                packetbuf_copyto
 .text.packetbuf_totlen
                0x0000550c        0xc build/sky/contiki-ng-sky.a(packetbuf.o)
                0x0000550c                packetbuf_totlen
 .text.packetbuf_hdralloc
                0x00005518       0x3c build/sky/contiki-ng-sky.a(packetbuf.o)
                0x00005518                packetbuf_hdralloc
 .text.packetbuf_attr_clear
                0x00005554       0x28 build/sky/contiki-ng-sky.a(packetbuf.o)
                0x00005554                packetbuf_attr_clear
 .text.packetbuf_clear
                0x0000557c       0x12 build/sky/contiki-ng-sky.a(packetbuf.o)
                0x0000557c                packetbuf_clear
 .text.packetbuf_copyfrom
                0x0000558e       0x2e build/sky/contiki-ng-sky.a(packetbuf.o)
                0x0000558e                packetbuf_copyfrom
 .text.packetbuf_attr_copyto
                0x000055bc       0x22 build/sky/contiki-ng-sky.a(packetbuf.o)
                0x000055bc                packetbuf_attr_copyto
 .text.packetbuf_attr_copyfrom
                0x000055de       0x24 build/sky/contiki-ng-sky.a(packetbuf.o)
                0x000055de                packetbuf_attr_copyfrom
 .text.packetbuf_set_attr
                0x00005602        0xc build/sky/contiki-ng-sky.a(packetbuf.o)
                0x00005602                packetbuf_set_attr
 .text.packetbuf_attr
                0x0000560e        0xa build/sky/contiki-ng-sky.a(packetbuf.o)
                0x0000560e                packetbuf_attr
 .text.packetbuf_set_addr
                0x00005618       0x18 build/sky/contiki-ng-sky.a(packetbuf.o)
                0x00005618                packetbuf_set_addr
 .text.packetbuf_addr
                0x00005630       0x12 build/sky/contiki-ng-sky.a(packetbuf.o)
                0x00005630                packetbuf_addr
 .text.packetbuf_holds_broadcast
                0x00005642        0xe build/sky/contiki-ng-sky.a(packetbuf.o)
                0x00005642                packetbuf_holds_broadcast
 .text.netstack_process_ip_callback
                0x00005650       0x4e build/sky/contiki-ng-sky.a(netstack.o)
                0x00005650                netstack_process_ip_callback
 .text.netstack_init
                0x0000569e        0xe build/sky/contiki-ng-sky.a(netstack.o)
                0x0000569e                netstack_init
 .text.linkaddr_copy
                0x000056ac        0x8 build/sky/contiki-ng-sky.a(linkaddr.o)
                0x000056ac                linkaddr_copy
 .text.linkaddr_cmp
                0x000056b4       0x12 build/sky/contiki-ng-sky.a(linkaddr.o)
                0x000056b4                linkaddr_cmp
 .text.linkaddr_set_node_addr
                0x000056c6        0xc build/sky/contiki-ng-sky.a(linkaddr.o)
                0x000056c6                linkaddr_set_node_addr
 .text.on       0x000056d2        0x6 build/sky/contiki-ng-sky.a(csma.o)
 .text.off      0x000056d8        0x6 build/sky/contiki-ng-sky.a(csma.o)
 .text.max_payload
                0x000056de       0x38 build/sky/contiki-ng-sky.a(csma.o)
 .text.send_packet
                0x00005716        0x6 build/sky/contiki-ng-sky.a(csma.o)
 .text.init     0x0000571c       0x1c build/sky/contiki-ng-sky.a(csma.o)
 .text.input_packet
                0x00005738       0x58 build/sky/contiki-ng-sky.a(csma.o)
 .text.schedule_transmission
                0x00005790       0x70 build/sky/contiki-ng-sky.a(csma-output.o)
 .text.tx_done  0x00005800       0x9a build/sky/contiki-ng-sky.a(csma-output.o)
 .text.transmit_from_queue
                0x0000589a      0x1bc build/sky/contiki-ng-sky.a(csma-output.o)
 .text.csma_output_packet
                0x00005a56      0x184 build/sky/contiki-ng-sky.a(csma-output.o)
                0x00005a56                csma_output_packet
 .text.csma_output_init
                0x00005bda       0x1a build/sky/contiki-ng-sky.a(csma-output.o)
                0x00005bda                csma_output_init
 .text.uip_ds6_default_prefix
                0x00005bf4        0x6 build/sky/contiki-ng-sky.a(uip-ds6.o)
                0x00005bf4                uip_ds6_default_prefix
 .text.uip_ds6_list_loop
                0x00005bfa       0x92 build/sky/contiki-ng-sky.a(uip-ds6.o)
                0x00005bfa                uip_ds6_list_loop
 .text.uip_ds6_prefix_add
                0x00005c8c       0x80 build/sky/contiki-ng-sky.a(uip-ds6.o)
                0x00005c8c                uip_ds6_prefix_add
 .text.uip_ds6_is_addr_onlink
                0x00005d0c       0x54 build/sky/contiki-ng-sky.a(uip-ds6.o)
                0x00005d0c                uip_ds6_is_addr_onlink
 .text.uip_ds6_addr_lookup
                0x00005d60       0x2a build/sky/contiki-ng-sky.a(uip-ds6.o)
                0x00005d60                uip_ds6_addr_lookup
 .text.uip_ds6_get_link_local
                0x00005d8a       0x3e build/sky/contiki-ng-sky.a(uip-ds6.o)
                0x00005d8a                uip_ds6_get_link_local
 .text.uip_ds6_maddr_add
                0x00005dc8       0x4c build/sky/contiki-ng-sky.a(uip-ds6.o)
                0x00005dc8                uip_ds6_maddr_add
 .text.uip_ds6_addr_add
                0x00005e14       0xc4 build/sky/contiki-ng-sky.a(uip-ds6.o)
                0x00005e14                uip_ds6_addr_add
 .text.uip_ds6_maddr_rm
                0x00005ed8        0xa build/sky/contiki-ng-sky.a(uip-ds6.o)
                0x00005ed8                uip_ds6_maddr_rm
 .text.uip_ds6_maddr_lookup
                0x00005ee2       0x2a build/sky/contiki-ng-sky.a(uip-ds6.o)
                0x00005ee2                uip_ds6_maddr_lookup
 .text.uip_ds6_addr_rm
                0x00005f0c       0x54 build/sky/contiki-ng-sky.a(uip-ds6.o)
                0x00005f0c                uip_ds6_addr_rm
 .text.uip_ds6_periodic
                0x00005f60       0x46 build/sky/contiki-ng-sky.a(uip-ds6.o)
                0x00005f60                uip_ds6_periodic
 .text.uip_ds6_set_addr_iid
                0x00005fa6       0x14 build/sky/contiki-ng-sky.a(uip-ds6.o)
                0x00005fa6                uip_ds6_set_addr_iid
 .text.uip_ds6_set_lladdr_from_iid
                0x00005fba       0x14 build/sky/contiki-ng-sky.a(uip-ds6.o)
                0x00005fba                uip_ds6_set_lladdr_from_iid
 .text.get_match_length
                0x00005fce       0x44 build/sky/contiki-ng-sky.a(uip-ds6.o)
                0x00005fce                get_match_length
 .text.uip_ds6_select_src
                0x00006012       0xaa build/sky/contiki-ng-sky.a(uip-ds6.o)
                0x00006012                uip_ds6_select_src
 .text.uip_ds6_compute_reachable_time
                0x000060bc       0x3e build/sky/contiki-ng-sky.a(uip-ds6.o)
                0x000060bc                uip_ds6_compute_reachable_time
 .text.uip_ds6_init
                0x000060fa      0x164 build/sky/contiki-ng-sky.a(uip-ds6.o)
                0x000060fa                uip_ds6_init
 .text.uip_ds6_route_init
                0x0000625e       0x12 build/sky/contiki-ng-sky.a(uip-ds6-route.o)
                0x0000625e                uip_ds6_route_init
 .text.uip_ds6_route_nexthop
                0x00006270        0x4 build/sky/contiki-ng-sky.a(uip-ds6-route.o)
                0x00006270                uip_ds6_route_nexthop
 .text.uip_ds6_route_lookup
                0x00006274        0x4 build/sky/contiki-ng-sky.a(uip-ds6-route.o)
                0x00006274                uip_ds6_route_lookup
 .text.uip_ds6_route_rm
                0x00006278        0x2 build/sky/contiki-ng-sky.a(uip-ds6-route.o)
                0x00006278                uip_ds6_route_rm
 .text.uip_ds6_defrt_rm
                0x0000627a       0x3c build/sky/contiki-ng-sky.a(uip-ds6-route.o)
                0x0000627a                uip_ds6_defrt_rm
 .text.uip_ds6_defrt_lookup
                0x000062b6       0x40 build/sky/contiki-ng-sky.a(uip-ds6-route.o)
                0x000062b6                uip_ds6_defrt_lookup
 .text.uip_ds6_defrt_add
                0x000062f6       0x72 build/sky/contiki-ng-sky.a(uip-ds6-route.o)
                0x000062f6                uip_ds6_defrt_add
 .text.uip_ds6_defrt_choose
                0x00006368       0x3a build/sky/contiki-ng-sky.a(uip-ds6-route.o)
                0x00006368                uip_ds6_defrt_choose
 .text.uip_ds6_defrt_periodic
                0x000063a2       0x38 build/sky/contiki-ng-sky.a(uip-ds6-route.o)
                0x000063a2                uip_ds6_defrt_periodic
 .text.uip_ds6_nbr_rm
                0x000063da       0x1e build/sky/contiki-ng-sky.a(uip-ds6-nbr.o)
                0x000063da                uip_ds6_nbr_rm
 .text.uip_ds6_neighbors_init
                0x000063f8       0x12 build/sky/contiki-ng-sky.a(uip-ds6-nbr.o)
                0x000063f8                uip_ds6_neighbors_init
 .text.uip_ds6_nbr_add
                0x0000640a       0x3e build/sky/contiki-ng-sky.a(uip-ds6-nbr.o)
                0x0000640a                uip_ds6_nbr_add
 .text.uip_ds6_nbr_get_ll
                0x00006448        0xc build/sky/contiki-ng-sky.a(uip-ds6-nbr.o)
                0x00006448                uip_ds6_nbr_get_ll
 .text.uip_ds6_nbr_head
                0x00006454        0xa build/sky/contiki-ng-sky.a(uip-ds6-nbr.o)
                0x00006454                uip_ds6_nbr_head
 .text.uip_ds6_nbr_next
                0x0000645e        0xc build/sky/contiki-ng-sky.a(uip-ds6-nbr.o)
                0x0000645e                uip_ds6_nbr_next
 .text.uip_ds6_nbr_lookup
                0x0000646a       0x3a build/sky/contiki-ng-sky.a(uip-ds6-nbr.o)
                0x0000646a                uip_ds6_nbr_lookup
 .text.uip_ds6_nbr_ll_lookup
                0x000064a4        0xc build/sky/contiki-ng-sky.a(uip-ds6-nbr.o)
                0x000064a4                uip_ds6_nbr_ll_lookup
 .text.uip_ds6_nbr_update_ll
                0x000064b0       0x76 build/sky/contiki-ng-sky.a(uip-ds6-nbr.o)
                0x000064b0                uip_ds6_nbr_update_ll
 .text.uip_ds6_nbr_ipaddr_from_lladdr
                0x00006526        0x6 build/sky/contiki-ng-sky.a(uip-ds6-nbr.o)
                0x00006526                uip_ds6_nbr_ipaddr_from_lladdr
 .text.uip_ds6_nbr_lladdr_from_ipaddr
                0x0000652c       0x12 build/sky/contiki-ng-sky.a(uip-ds6-nbr.o)
                0x0000652c                uip_ds6_nbr_lladdr_from_ipaddr
 .text.uip_ds6_link_callback
                0x0000653e        0x2 build/sky/contiki-ng-sky.a(uip-ds6-nbr.o)
                0x0000653e                uip_ds6_link_callback
 .text.tcpip_output
                0x00006540       0x22 build/sky/contiki-ng-sky.a(tcpip.o)
                0x00006540                tcpip_output
 .text.udp_new  0x00006562       0x1a build/sky/contiki-ng-sky.a(tcpip.o)
                0x00006562                udp_new
 .text.tcpip_input
                0x0000657c       0x1e build/sky/contiki-ng-sky.a(tcpip.o)
                0x0000657c                tcpip_input
 .text.tcpip_ipv6_output
                0x0000659a      0x114 build/sky/contiki-ng-sky.a(tcpip.o)
                0x0000659a                tcpip_ipv6_output
 .text.packet_input.part.3
                0x000066ae       0x12 build/sky/contiki-ng-sky.a(tcpip.o)
 .text.process_thread_tcpip_process
                0x000066c0       0xcc build/sky/contiki-ng-sky.a(tcpip.o)
 .text.tcpip_uipcall
                0x0000678c       0x2a build/sky/contiki-ng-sky.a(tcpip.o)
                0x0000678c                tcpip_uipcall
 .text.chksum   0x000067b6       0x32 build/sky/contiki-ng-sky.a(uip6.o)
 .text.upper_layer_chksum
                0x000067e8       0x58 build/sky/contiki-ng-sky.a(uip6.o)
 .text.ext_hdr_options_process
                0x00006840       0xa4 build/sky/contiki-ng-sky.a(uip6.o)
 .text.uip_check_mtu
                0x000068e4       0x1e build/sky/contiki-ng-sky.a(uip6.o)
 .text.uip_update_ttl
                0x00006902       0x24 build/sky/contiki-ng-sky.a(uip6.o)
 .text.uip_icmp6chksum
                0x00006926        0xa build/sky/contiki-ng-sky.a(uip6.o)
                0x00006926                uip_icmp6chksum
 .text.uip_udpchksum
                0x00006930        0xa build/sky/contiki-ng-sky.a(uip6.o)
                0x00006930                uip_udpchksum
 .text.uip_init
                0x0000693a       0x3c build/sky/contiki-ng-sky.a(uip6.o)
                0x0000693a                uip_init
 .text.uip_remove_ext_hdr
                0x00006976       0x5e build/sky/contiki-ng-sky.a(uip6.o)
                0x00006976                uip_remove_ext_hdr
 .text.uip_udp_new
                0x000069d4       0xac build/sky/contiki-ng-sky.a(uip6.o)
                0x000069d4                uip_udp_new
 .text.uip_process
                0x00006a80      0x4be build/sky/contiki-ng-sky.a(uip6.o)
                0x00006a80                uip_process
 .text.uip_htonl
                0x00006f3e       0x2e build/sky/contiki-ng-sky.a(uip6.o)
                0x00006f3e                uip_htonl
 .text.ns_input
                0x00006f6c      0x286 build/sky/contiki-ng-sky.a(uip-nd6.o)
 .text.uip_nd6_init
                0x000071f2        0xa build/sky/contiki-ng-sky.a(uip-nd6.o)
                0x000071f2                uip_nd6_init
 .text.process_thread_simple_udp_process
                0x000071fc       0xb8 build/sky/contiki-ng-sky.a(simple-udp.o)
 .text.simple_udp_sendto
                0x000072b4       0x2c build/sky/contiki-ng-sky.a(simple-udp.o)
                0x000072b4                simple_udp_sendto
 .text.simple_udp_register
                0x000072e0       0x96 build/sky/contiki-ng-sky.a(simple-udp.o)
                0x000072e0                simple_udp_register
 .text.clear_fragments
                0x00007376       0x40 build/sky/contiki-ng-sky.a(sicslowpan.o)
 .text.addr_context_lookup_by_number
                0x000073b6       0x16 build/sky/contiki-ng-sky.a(sicslowpan.o)
 .text.sicslowpan_init
                0x000073cc       0x18 build/sky/contiki-ng-sky.a(sicslowpan.o)
                0x000073cc                sicslowpan_init
 .text.set_packet_attrs
                0x000073e4       0x66 build/sky/contiki-ng-sky.a(sicslowpan.o)
 .text.compress_addr_64
                0x0000744a       0xae build/sky/contiki-ng-sky.a(sicslowpan.o)
 .text.addr_context_lookup_by_prefix
                0x000074f8       0x20 build/sky/contiki-ng-sky.a(sicslowpan.o)
 .text.send_packet
                0x00007518       0x1a build/sky/contiki-ng-sky.a(sicslowpan.o)
 .text.fragment_copy_payload_and_send
                0x00007532       0x66 build/sky/contiki-ng-sky.a(sicslowpan.o)
 .text.output   0x00007598      0x7c6 build/sky/contiki-ng-sky.a(sicslowpan.o)
 .text.packet_sent
                0x00007d5e       0x56 build/sky/contiki-ng-sky.a(sicslowpan.o)
 .text.store_fragment
                0x00007db4       0xb4 build/sky/contiki-ng-sky.a(sicslowpan.o)
 .text.add_fragment
                0x00007e68      0x1fc build/sky/contiki-ng-sky.a(sicslowpan.o)
 .text.uncompress_addr
                0x00008064       0xb4 build/sky/contiki-ng-sky.a(sicslowpan.o)
 .text.input    0x00008118      0x8b0 build/sky/contiki-ng-sky.a(sicslowpan.o)
 .text.uiplib_ipaddr_snprint
                0x000089c8      0x12c build/sky/contiki-ng-sky.a(uiplib.o)
                0x000089c8                uiplib_ipaddr_snprint
 .text.rpl_has_joined
                0x00008af4       0x12 build/sky/contiki-ng-sky.a(rpl.o)
                0x00008af4                rpl_has_joined
 .text.rpl_is_reachable
                0x00008b06       0x12 build/sky/contiki-ng-sky.a(rpl.o)
                0x00008b06                rpl_is_reachable
 .text.neighbor_state_changed
                0x00008b18        0x2 build/sky/contiki-ng-sky.a(rpl.o)
 .text.drop_route
                0x00008b1a        0x2 build/sky/contiki-ng-sky.a(rpl.o)
 .text.rpl_get_leaf_only
                0x00008b1c        0x6 build/sky/contiki-ng-sky.a(rpl.o)
                0x00008b1c                rpl_get_leaf_only
 .text.get_sr_node_ipaddr
                0x00008b22       0x34 build/sky/contiki-ng-sky.a(rpl.o)
 .text.init     0x00008b56       0x42 build/sky/contiki-ng-sky.a(rpl.o)
 .text.set_ip_from_prefix
                0x00008b98       0x38 build/sky/contiki-ng-sky.a(rpl.o)
 .text.rpl_link_callback
                0x00008bd0       0x1e build/sky/contiki-ng-sky.a(rpl.o)
                0x00008bd0                rpl_link_callback
 .text.rpl_lollipop_greater_than
                0x00008bee       0x3c build/sky/contiki-ng-sky.a(rpl.o)
                0x00008bee                rpl_lollipop_greater_than
 .text.rpl_get_global_address
                0x00008c2a       0xbe build/sky/contiki-ng-sky.a(rpl.o)
                0x00008c2a                rpl_get_global_address
 .text.rpl_reset_prefix
                0x00008ce8       0x24 build/sky/contiki-ng-sky.a(rpl.o)
                0x00008ce8                rpl_reset_prefix
 .text.rpl_set_prefix_from_addr
                0x00008d0c       0x92 build/sky/contiki-ng-sky.a(rpl.o)
                0x00008d0c                rpl_set_prefix_from_addr
 .text.get32    0x00008d9e       0x46 build/sky/contiki-ng-sky.a(rpl-icmp6.o)
 .text.set32    0x00008de4       0x2a build/sky/contiki-ng-sky.a(rpl-icmp6.o)
 .text.get16    0x00008e0e        0xe build/sky/contiki-ng-sky.a(rpl-icmp6.o)
 .text.set16    0x00008e1c       0x10 build/sky/contiki-ng-sky.a(rpl-icmp6.o)
 .text.dao_ack_input
                0x00008e2c       0x30 build/sky/contiki-ng-sky.a(rpl-icmp6.o)
 .text.dao_input
                0x00008e5c      0x13c build/sky/contiki-ng-sky.a(rpl-icmp6.o)
 .text.dio_input
                0x00008f98      0x29c build/sky/contiki-ng-sky.a(rpl-icmp6.o)
 .text.dis_input
                0x00009234       0x1e build/sky/contiki-ng-sky.a(rpl-icmp6.o)
 .text.rpl_icmp6_update_nbr_table
                0x00009252       0x36 build/sky/contiki-ng-sky.a(rpl-icmp6.o)
                0x00009252                rpl_icmp6_update_nbr_table
 .text.rpl_icmp6_dis_output
                0x00009288       0x34 build/sky/contiki-ng-sky.a(rpl-icmp6.o)
                0x00009288                rpl_icmp6_dis_output
 .text.rpl_icmp6_dio_output
                0x000092bc      0x23a build/sky/contiki-ng-sky.a(rpl-icmp6.o)
                0x000092bc                rpl_icmp6_dio_output
 .text.rpl_icmp6_dao_output
                0x000094f6       0xe2 build/sky/contiki-ng-sky.a(rpl-icmp6.o)
                0x000094f6                rpl_icmp6_dao_output
 .text.rpl_icmp6_dao_ack_output
                0x000095d8       0x4e build/sky/contiki-ng-sky.a(rpl-icmp6.o)
                0x000095d8                rpl_icmp6_dao_ack_output
 .text.rpl_icmp6_init
                0x00009626       0x22 build/sky/contiki-ng-sky.a(rpl-icmp6.o)
                0x00009626                rpl_icmp6_init
 .text.rpl_dag_root_set_prefix
                0x00009648       0x62 build/sky/contiki-ng-sky.a(rpl-dag-root.o)
                0x00009648                rpl_dag_root_set_prefix
 .text.rpl_dag_root_start
                0x000096aa       0x8e build/sky/contiki-ng-sky.a(rpl-dag-root.o)
                0x000096aa                rpl_dag_root_start
 .text.rpl_dag_root_is_root
                0x00009738       0x14 build/sky/contiki-ng-sky.a(rpl-dag-root.o)
                0x00009738                rpl_dag_root_is_root
 .text.init_platform
                0x0000974c        0xc build/sky/contiki-ng-sky.a(contiki-sky-pla)
                0x0000974c                init_platform
 .text.crc8_add
                0x00009758       0x1c build/sky/contiki-ng-sky.a(sht11.o)
 .text.sstart   0x00009774       0x3e build/sky/contiki-ng-sky.a(sht11.o)
 .text.swrite   0x000097b2       0x62 build/sky/contiki-ng-sky.a(sht11.o)
 .text.sread    0x00009814       0x4c build/sky/contiki-ng-sky.a(sht11.o)
 .text.sreset   0x00009860       0x2a build/sky/contiki-ng-sky.a(sht11.o)
 .text.scmd.part.0
                0x0000988a       0xb4 build/sky/contiki-ng-sky.a(sht11.o)
 .text.sht11_init
                0x0000993e       0x1a build/sky/contiki-ng-sky.a(sht11.o)
                0x0000993e                sht11_init
 .text.sht11_off
                0x00009958       0x14 build/sky/contiki-ng-sky.a(sht11.o)
                0x00009958                sht11_off
 .text.sht11_temp
                0x0000996c        0xa build/sky/contiki-ng-sky.a(sht11.o)
                0x0000996c                sht11_temp
 .text.sht11_humidity
                0x00009976        0xa build/sky/contiki-ng-sky.a(sht11.o)
                0x00009976                sht11_humidity
 .text.sht11_sreg
                0x00009980       0x80 build/sky/contiki-ng-sky.a(sht11.o)
                0x00009980                sht11_sreg
 .text.owreadb  0x00009a00       0x50 build/sky/contiki-ng-sky.a(ds2411.o)
 .text.ds2411_init
                0x00009a50      0x120 build/sky/contiki-ng-sky.a(ds2411.o)
                0x00009a50                ds2411_init
 .text.xmem_init
                0x00009b70       0x3c build/sky/contiki-ng-sky.a(xmem.o)
                0x00009b70                xmem_init
 .text.get_object
                0x00009bac        0x4 build/sky/contiki-ng-sky.a(cc2420.o)
 .text.set_object
                0x00009bb0        0x4 build/sky/contiki-ng-sky.a(cc2420.o)
 .text.strobe   0x00009bb4       0x1c build/sky/contiki-ng-sky.a(cc2420.o)
 .text.getreg   0x00009bd0       0x4c build/sky/contiki-ng-sky.a(cc2420.o)
 .text.setreg   0x00009c1c       0x4c build/sky/contiki-ng-sky.a(cc2420.o)
 .text.write_ram
                0x00009c68       0x7c build/sky/contiki-ng-sky.a(cc2420.o)
 .text.write_fifo_buf
                0x00009ce4       0x3c build/sky/contiki-ng-sky.a(cc2420.o)
 .text.get_status
                0x00009d20       0x20 build/sky/contiki-ng-sky.a(cc2420.o)
 .text.on       0x00009d40       0x1a build/sky/contiki-ng-sky.a(cc2420.o)
 .text.cc2420_receiving_packet
                0x00009d5a        0xc build/sky/contiki-ng-sky.a(cc2420.o)
 .text.pending_packet
                0x00009d66        0x8 build/sky/contiki-ng-sky.a(cc2420.o)
 .text.wait_for_transmission
                0x00009d6e       0x22 build/sky/contiki-ng-sky.a(cc2420.o)
 .text.wait_for_status
                0x00009d90       0x28 build/sky/contiki-ng-sky.a(cc2420.o)
 .text.getrxdata
                0x00009db8       0x50 build/sky/contiki-ng-sky.a(cc2420.o)
 .text.flushrx  0x00009e08       0x1a build/sky/contiki-ng-sky.a(cc2420.o)
 .text.off      0x00009e22       0x28 build/sky/contiki-ng-sky.a(cc2420.o)
 .text.RELEASE_LOCK
                0x00009e4a       0x28 build/sky/contiki-ng-sky.a(cc2420.o)
 .text.set_key  0x00009e72       0x18 build/sky/contiki-ng-sky.a(cc2420.o)
 .text.set_frame_filtering
                0x00009e8a       0x30 build/sky/contiki-ng-sky.a(cc2420.o)
 .text.set_auto_ack
                0x00009eba       0x30 build/sky/contiki-ng-sky.a(cc2420.o)
 .text.set_poll_mode
                0x00009eea       0x2c build/sky/contiki-ng-sky.a(cc2420.o)
 .text.cc2420_prepare
                0x00009f16       0x46 build/sky/contiki-ng-sky.a(cc2420.o)
 .text.cc2420_on
                0x00009f5c       0x22 build/sky/contiki-ng-sky.a(cc2420.o)
                0x00009f5c                cc2420_on
 .text.cc2420_transmit
                0x00009f7e       0x66 build/sky/contiki-ng-sky.a(cc2420.o)
 .text.cc2420_send
                0x00009fe4       0x12 build/sky/contiki-ng-sky.a(cc2420.o)
 .text.cc2420_off
                0x00009ff6       0x30 build/sky/contiki-ng-sky.a(cc2420.o)
                0x00009ff6                cc2420_off
 .text.cc2420_cca
                0x0000a026       0x68 build/sky/contiki-ng-sky.a(cc2420.o)
 .text.cc2420_read
                0x0000a08e       0xbe build/sky/contiki-ng-sky.a(cc2420.o)
 .text.process_thread_cc2420_process
                0x0000a14c       0x62 build/sky/contiki-ng-sky.a(cc2420.o)
 .text.encrypt  0x0000a1ae       0x88 build/sky/contiki-ng-sky.a(cc2420.o)
 .text.cc2420_set_channel
                0x0000a236       0x3c build/sky/contiki-ng-sky.a(cc2420.o)
                0x0000a236                cc2420_set_channel
 .text.cc2420_set_pan_addr
                0x0000a272       0x4c build/sky/contiki-ng-sky.a(cc2420.o)
                0x0000a272                cc2420_set_pan_addr
 .text.cc2420_interrupt
                0x0000a2be       0x16 build/sky/contiki-ng-sky.a(cc2420.o)
                0x0000a2be                cc2420_interrupt
 .text.cc2420_set_txpower
                0x0000a2d4       0x2c build/sky/contiki-ng-sky.a(cc2420.o)
                0x0000a2d4                cc2420_set_txpower
 .text.cc2420_get_txpower
                0x0000a300       0x1e build/sky/contiki-ng-sky.a(cc2420.o)
                0x0000a300                cc2420_get_txpower
 .text.cc2420_rssi
                0x0000a31e       0x4c build/sky/contiki-ng-sky.a(cc2420.o)
                0x0000a31e                cc2420_rssi
 .text.get_value
                0x0000a36a      0x11e build/sky/contiki-ng-sky.a(cc2420.o)
 .text.cc2420_set_cca_threshold
                0x0000a488       0x16 build/sky/contiki-ng-sky.a(cc2420.o)
                0x0000a488                cc2420_set_cca_threshold
 .text.set_value
                0x0000a49e      0x150 build/sky/contiki-ng-sky.a(cc2420.o)
 .text.cc2420_init
                0x0000a5ee       0xea build/sky/contiki-ng-sky.a(cc2420.o)
                0x0000a5ee                cc2420_init
 .text.cc2420_port1_interrupt
                0x0000a6d8       0x20 build/sky/contiki-ng-sky.a(cc2420-arch.o)
                0x0000a6d8                __isr_4
                0x0000a6d8                cc2420_port1_interrupt
 .text.cc2420_arch_init
                0x0000a6f8       0x1a build/sky/contiki-ng-sky.a(cc2420-arch.o)
                0x0000a6f8                cc2420_arch_init
 .text.uart1_active
                0x0000a712       0x18 build/sky/contiki-ng-sky.a(uart1.o)
                0x0000a712                uart1_active
 .text.uart1_writeb
                0x0000a72a       0x18 build/sky/contiki-ng-sky.a(uart1.o)
                0x0000a72a                uart1_writeb
 .text.uart1_init
                0x0000a742       0xf4 build/sky/contiki-ng-sky.a(uart1.o)
                0x0000a742                uart1_init
 .text.stimer_set
                0x0000a836       0x1c build/sky/contiki-ng-sky.a(stimer.o)
                0x0000a836                stimer_set
 .text.stimer_expired
                0x0000a852       0x30 build/sky/contiki-ng-sky.a(stimer.o)
                0x0000a852                stimer_expired
 .text.memb_init
                0x0000a882       0x36 build/sky/contiki-ng-sky.a(memb.o)
                0x0000a882                memb_init
 .text.memb_alloc
                0x0000a8b8       0x3e build/sky/contiki-ng-sky.a(memb.o)
                0x0000a8b8                memb_alloc
 .text.memb_free
                0x0000a8f6       0x32 build/sky/contiki-ng-sky.a(memb.o)
                0x0000a8f6                memb_free
 .text.memb_inmemb
                0x0000a928       0x2a build/sky/contiki-ng-sky.a(memb.o)
                0x0000a928                memb_inmemb
 .text.memb_numfree
                0x0000a952       0x26 build/sky/contiki-ng-sky.a(memb.o)
                0x0000a952                memb_numfree
 .text.item_from_index
                0x0000a978       0x2a build/sky/contiki-ng-sky.a(nbr-table.o)
 .text.index_from_key
                0x0000a9a2       0x26 build/sky/contiki-ng-sky.a(nbr-table.o)
 .text.index_from_item
                0x0000a9c8       0x1e build/sky/contiki-ng-sky.a(nbr-table.o)
 .text.nbr_set_bit
                0x0000a9e6       0x58 build/sky/contiki-ng-sky.a(nbr-table.o)
 .text.index_from_lladdr
                0x0000aa3e       0x42 build/sky/contiki-ng-sky.a(nbr-table.o)
 .text.nbr_get_bit.constprop.0
                0x0000aa80       0x2e build/sky/contiki-ng-sky.a(nbr-table.o)
 .text.nbr_table_is_registered
                0x0000aaae       0x22 build/sky/contiki-ng-sky.a(nbr-table.o)
                0x0000aaae                nbr_table_is_registered
 .text.nbr_table_register
                0x0000aad0       0x40 build/sky/contiki-ng-sky.a(nbr-table.o)
                0x0000aad0                nbr_table_register
 .text.nbr_table_next
                0x0000ab10       0x54 build/sky/contiki-ng-sky.a(nbr-table.o)
                0x0000ab10                nbr_table_next
 .text.nbr_table_head
                0x0000ab64       0x3a build/sky/contiki-ng-sky.a(nbr-table.o)
                0x0000ab64                nbr_table_head
 .text.nbr_table_add_lladdr
                0x0000ab9e      0x168 build/sky/contiki-ng-sky.a(nbr-table.o)
                0x0000ab9e                nbr_table_add_lladdr
 .text.nbr_table_get_from_lladdr
                0x0000ad06       0x2c build/sky/contiki-ng-sky.a(nbr-table.o)
                0x0000ad06                nbr_table_get_from_lladdr
 .text.nbr_table_remove
                0x0000ad32       0x32 build/sky/contiki-ng-sky.a(nbr-table.o)
                0x0000ad32                nbr_table_remove
 .text.nbr_table_lock
                0x0000ad64       0x10 build/sky/contiki-ng-sky.a(nbr-table.o)
                0x0000ad64                nbr_table_lock
 .text.nbr_table_unlock
                0x0000ad74       0x10 build/sky/contiki-ng-sky.a(nbr-table.o)
                0x0000ad74                nbr_table_unlock
 .text.nbr_table_get_lladdr
                0x0000ad84       0x22 build/sky/contiki-ng-sky.a(nbr-table.o)
                0x0000ad84                nbr_table_get_lladdr
 .text.periodic
                0x0000ada6       0x28 build/sky/contiki-ng-sky.a(link-stats.o)
 .text.link_stats_from_lladdr
                0x0000adce        0xc build/sky/contiki-ng-sky.a(link-stats.o)
                0x0000adce                link_stats_from_lladdr
 .text.link_stats_is_fresh
                0x0000adda       0x30 build/sky/contiki-ng-sky.a(link-stats.o)
                0x0000adda                link_stats_is_fresh
 .text.guess_etx_from_rssi
                0x0000ae0a       0x42 build/sky/contiki-ng-sky.a(link-stats.o)
                0x0000ae0a                guess_etx_from_rssi
 .text.link_stats_packet_sent
                0x0000ae4c       0xde build/sky/contiki-ng-sky.a(link-stats.o)
                0x0000ae4c                link_stats_packet_sent
 .text.link_stats_input_callback
                0x0000af2a       0xb4 build/sky/contiki-ng-sky.a(link-stats.o)
                0x0000af2a                link_stats_input_callback
 .text.link_stats_reset
                0x0000afde       0x2a build/sky/contiki-ng-sky.a(link-stats.o)
                0x0000afde                link_stats_reset
 .text.link_stats_init
                0x0000b008       0x22 build/sky/contiki-ng-sky.a(link-stats.o)
                0x0000b008                link_stats_init
 .text.mac_sequence_is_duplicate
                0x0000b02a       0x84 build/sky/contiki-ng-sky.a(mac-sequence.o)
                0x0000b02a                mac_sequence_is_duplicate
 .text.mac_sequence_register_seqno
                0x0000b0ae       0x90 build/sky/contiki-ng-sky.a(mac-sequence.o)
                0x0000b0ae                mac_sequence_register_seqno
 .text.mac_call_sent_callback
                0x0000b13e       0x14 build/sky/contiki-ng-sky.a(mac.o)
                0x0000b13e                mac_call_sent_callback
 .text.parse    0x0000b152       0xa0 build/sky/contiki-ng-sky.a(framer-802154.o)
 .text.framer_802154_setup_params
                0x0000b1f2       0xb8 build/sky/contiki-ng-sky.a(framer-802154.o)
                0x0000b1f2                framer_802154_setup_params
 .text.create_frame
                0x0000b2aa       0xde build/sky/contiki-ng-sky.a(framer-802154.o)
 .text.create   0x0000b388        0x8 build/sky/contiki-ng-sky.a(framer-802154.o)
 .text.hdr_length
                0x0000b390        0x8 build/sky/contiki-ng-sky.a(framer-802154.o)
 .text.frame802154_get_pan_id
                0x0000b398        0x6 build/sky/contiki-ng-sky.a(frame802154.o)
                0x0000b398                frame802154_get_pan_id
 .text.frame802154_has_panid
                0x0000b39e       0xe0 build/sky/contiki-ng-sky.a(frame802154.o)
                0x0000b39e                frame802154_has_panid
 .text.field_len
                0x0000b47e       0xac build/sky/contiki-ng-sky.a(frame802154.o)
 .text.frame802154_is_broadcast_addr
                0x0000b52a       0x28 build/sky/contiki-ng-sky.a(frame802154.o)
                0x0000b52a                frame802154_is_broadcast_addr
 .text.frame802154_hdrlen
                0x0000b552       0x32 build/sky/contiki-ng-sky.a(frame802154.o)
                0x0000b552                frame802154_hdrlen
 .text.frame802154_create_fcf
                0x0000b584       0x96 build/sky/contiki-ng-sky.a(frame802154.o)
                0x0000b584                frame802154_create_fcf
 .text.frame802154_create
                0x0000b61a       0xe4 build/sky/contiki-ng-sky.a(frame802154.o)
                0x0000b61a                frame802154_create
 .text.frame802154_parse_fcf
                0x0000b6fe       0xbc build/sky/contiki-ng-sky.a(frame802154.o)
                0x0000b6fe                frame802154_parse_fcf
 .text.frame802154_parse
                0x0000b7ba      0x168 build/sky/contiki-ng-sky.a(frame802154.o)
                0x0000b7ba                frame802154_parse
 .text.csma_security_create_frame
                0x0000b922       0x10 build/sky/contiki-ng-sky.a(csma-security.o)
                0x0000b922                csma_security_create_frame
 .text.csma_security_parse_frame
                0x0000b932        0x6 build/sky/contiki-ng-sky.a(csma-security.o)
                0x0000b932                csma_security_parse_frame
 .text.uipbuf_add_ext_hdr
                0x0000b938       0x1c build/sky/contiki-ng-sky.a(uipbuf.o)
                0x0000b938                uipbuf_add_ext_hdr
 .text.uipbuf_set_len
                0x0000b954       0x12 build/sky/contiki-ng-sky.a(uipbuf.o)
                0x0000b954                uipbuf_set_len
 .text.uipbuf_set_len_field
                0x0000b966        0xe build/sky/contiki-ng-sky.a(uipbuf.o)
                0x0000b966                uipbuf_set_len_field
 .text.uipbuf_get_len_field
                0x0000b974        0xe build/sky/contiki-ng-sky.a(uipbuf.o)
                0x0000b974                uipbuf_get_len_field
 .text.uipbuf_get_next_header
                0x0000b982       0x62 build/sky/contiki-ng-sky.a(uipbuf.o)
                0x0000b982                uipbuf_get_next_header
 .text.uipbuf_get_last_header
                0x0000b9e4       0x3e build/sky/contiki-ng-sky.a(uipbuf.o)
                0x0000b9e4                uipbuf_get_last_header
 .text.uipbuf_search_header
                0x0000ba22       0x4e build/sky/contiki-ng-sky.a(uipbuf.o)
                0x0000ba22                uipbuf_search_header
 .text.uipbuf_get_attr
                0x0000ba70       0x14 build/sky/contiki-ng-sky.a(uipbuf.o)
                0x0000ba70                uipbuf_get_attr
 .text.uipbuf_clear_attr
                0x0000ba84       0x12 build/sky/contiki-ng-sky.a(uipbuf.o)
                0x0000ba84                uipbuf_clear_attr
 .text.uipbuf_clear
                0x0000ba96       0x12 build/sky/contiki-ng-sky.a(uipbuf.o)
                0x0000ba96                uipbuf_clear
 .text.uipbuf_init
                0x0000baa8       0x1a build/sky/contiki-ng-sky.a(uipbuf.o)
                0x0000baa8                uipbuf_init
 .text.echo_reply_input
                0x0000bac2       0x68 build/sky/contiki-ng-sky.a(uip-icmp6.o)
 .text.echo_request_input
                0x0000bb2a       0x86 build/sky/contiki-ng-sky.a(uip-icmp6.o)
 .text.uip_icmp6_input
                0x0000bbb0       0x48 build/sky/contiki-ng-sky.a(uip-icmp6.o)
                0x0000bbb0                uip_icmp6_input
 .text.uip_icmp6_register_input_handler
                0x0000bbf8        0xc build/sky/contiki-ng-sky.a(uip-icmp6.o)
                0x0000bbf8                uip_icmp6_register_input_handler
 .text.uip_icmp6_error_output
                0x0000bc04      0x146 build/sky/contiki-ng-sky.a(uip-icmp6.o)
                0x0000bc04                uip_icmp6_error_output
 .text.uip_icmp6_send
                0x0000bd4a       0x8e build/sky/contiki-ng-sky.a(uip-icmp6.o)
                0x0000bd4a                uip_icmp6_send
 .text.uip_icmp6_init
                0x0000bdd8       0x12 build/sky/contiki-ng-sky.a(uip-icmp6.o)
                0x0000bdd8                uip_icmp6_init
 .text.node_matches_address.part.0
                0x0000bdea       0x2e build/sky/contiki-ng-sky.a(uip-sr.o)
 .text.uip_sr_get_node
                0x0000be18       0x44 build/sky/contiki-ng-sky.a(uip-sr.o)
                0x0000be18                uip_sr_get_node
 .text.uip_sr_is_addr_reachable
                0x0000be5c       0x4e build/sky/contiki-ng-sky.a(uip-sr.o)
                0x0000be5c                uip_sr_is_addr_reachable
 .text.uip_sr_expire_parent
                0x0000beaa       0x42 build/sky/contiki-ng-sky.a(uip-sr.o)
                0x0000beaa                uip_sr_expire_parent
 .text.uip_sr_update_node
                0x0000beec       0xbc build/sky/contiki-ng-sky.a(uip-sr.o)
                0x0000beec                uip_sr_update_node
 .text.uip_sr_init
                0x0000bfa8       0x16 build/sky/contiki-ng-sky.a(uip-sr.o)
                0x0000bfa8                uip_sr_init
 .text.uip_sr_periodic
                0x0000bfbe       0x9a build/sky/contiki-ng-sky.a(uip-sr.o)
                0x0000bfbe                uip_sr_periodic
 .text.uip_sr_free_all
                0x0000c058       0x3c build/sky/contiki-ng-sky.a(uip-sr.o)
                0x0000c058                uip_sr_free_all
 .text.uip_udp_packet_send
                0x0000c094       0x2a build/sky/contiki-ng-sky.a(uip-udp-packet.)
                0x0000c094                uip_udp_packet_send
 .text.uip_udp_packet_sendto
                0x0000c0be       0x66 build/sky/contiki-ng-sky.a(uip-udp-packet.)
                0x0000c0be                uip_udp_packet_sendto
 .text.init_dag
                0x0000c124       0x84 build/sky/contiki-ng-sky.a(rpl-dag.o)
 .text.process_dio_init_dag
                0x0000c1a8       0xb0 build/sky/contiki-ng-sky.a(rpl-dag.o)
 .text.rpl_dag_get_root_ipaddr
                0x0000c258       0x1e build/sky/contiki-ng-sky.a(rpl-dag.o)
                0x0000c258                rpl_dag_get_root_ipaddr
 .text.rpl_dag_leave
                0x0000c276       0x4a build/sky/contiki-ng-sky.a(rpl-dag.o)
                0x0000c276                rpl_dag_leave
 .text.rpl_dag_poison_and_leave
                0x0000c2c0        0xc build/sky/contiki-ng-sky.a(rpl-dag.o)
                0x0000c2c0                rpl_dag_poison_and_leave
 .text.rpl_dag_periodic
                0x0000c2cc       0x6a build/sky/contiki-ng-sky.a(rpl-dag.o)
                0x0000c2cc                rpl_dag_periodic
 .text.rpl_is_addr_in_our_dag
                0x0000c336       0x34 build/sky/contiki-ng-sky.a(rpl-dag.o)
                0x0000c336                rpl_is_addr_in_our_dag
 .text.rpl_local_repair
                0x0000c36a       0x2a build/sky/contiki-ng-sky.a(rpl-dag.o)
                0x0000c36a                rpl_local_repair
 .text.rpl_global_repair
                0x0000c394       0x2e build/sky/contiki-ng-sky.a(rpl-dag.o)
                0x0000c394                rpl_global_repair
 .text.rpl_dag_ready_to_advertise
                0x0000c3c2       0x22 build/sky/contiki-ng-sky.a(rpl-dag.o)
                0x0000c3c2                rpl_dag_ready_to_advertise
 .text.rpl_dag_update_state
                0x0000c3e4      0x140 build/sky/contiki-ng-sky.a(rpl-dag.o)
                0x0000c3e4                rpl_dag_update_state
 .text.rpl_process_dio
                0x0000c524      0x1b6 build/sky/contiki-ng-sky.a(rpl-dag.o)
                0x0000c524                rpl_process_dio
 .text.rpl_process_dis
                0x0000c6da       0x2a build/sky/contiki-ng-sky.a(rpl-dag.o)
                0x0000c6da                rpl_process_dis
 .text.rpl_process_dao
                0x0000c704       0x6c build/sky/contiki-ng-sky.a(rpl-dag.o)
                0x0000c704                rpl_process_dao
 .text.rpl_process_dao_ack
                0x0000c770       0x54 build/sky/contiki-ng-sky.a(rpl-dag.o)
                0x0000c770                rpl_process_dao_ack
 .text.rpl_process_hbh
                0x0000c7c4       0x2e build/sky/contiki-ng-sky.a(rpl-dag.o)
                0x0000c7c4                rpl_process_hbh
 .text.rpl_dag_init_root
                0x0000c7f2       0xbc build/sky/contiki-ng-sky.a(rpl-dag.o)
                0x0000c7f2                rpl_dag_init_root
 .text.rpl_dag_init
                0x0000c8ae       0x10 build/sky/contiki-ng-sky.a(rpl-dag.o)
                0x0000c8ae                rpl_dag_init
 .text.remove_neighbor
                0x0000c8be       0x24 build/sky/contiki-ng-sky.a(rpl-neighbor.o)
 .text.rpl_neighbor_get_from_lladdr
                0x0000c8e2        0xc build/sky/contiki-ng-sky.a(rpl-neighbor.o)
                0x0000c8e2                rpl_neighbor_get_from_lladdr
 .text.rpl_neighbor_rank_via_nbr
                0x0000c8ee       0x18 build/sky/contiki-ng-sky.a(rpl-neighbor.o)
                0x0000c8ee                rpl_neighbor_rank_via_nbr
 .text.rpl_neighbor_get_lladdr
                0x0000c906        0xc build/sky/contiki-ng-sky.a(rpl-neighbor.o)
                0x0000c906                rpl_neighbor_get_lladdr
 .text.rpl_neighbor_get_ipaddr
                0x0000c912        0xa build/sky/contiki-ng-sky.a(rpl-neighbor.o)
                0x0000c912                rpl_neighbor_get_ipaddr
 .text.rpl_neighbor_get_link_stats
                0x0000c91c        0xa build/sky/contiki-ng-sky.a(rpl-neighbor.o)
                0x0000c91c                rpl_neighbor_get_link_stats
 .text.rpl_neighbor_is_fresh
                0x0000c926        0xa build/sky/contiki-ng-sky.a(rpl-neighbor.o)
                0x0000c926                rpl_neighbor_is_fresh
 .text.best_parent
                0x0000c930       0xb4 build/sky/contiki-ng-sky.a(rpl-neighbor.o)
 .text.rpl_neighbor_is_parent
                0x0000c9e4       0x18 build/sky/contiki-ng-sky.a(rpl-neighbor.o)
                0x0000c9e4                rpl_neighbor_is_parent
 .text.rpl_neighbor_set_preferred_parent
                0x0000c9fc       0x48 build/sky/contiki-ng-sky.a(rpl-neighbor.o)
                0x0000c9fc                rpl_neighbor_set_preferred_parent
 .text.rpl_neighbor_remove_all
                0x0000ca44       0x30 build/sky/contiki-ng-sky.a(rpl-neighbor.o)
                0x0000ca44                rpl_neighbor_remove_all
 .text.rpl_neighbor_get_from_ipaddr
                0x0000ca74       0x14 build/sky/contiki-ng-sky.a(rpl-neighbor.o)
                0x0000ca74                rpl_neighbor_get_from_ipaddr
 .text.rpl_neighbor_select_best
                0x0000ca88       0x54 build/sky/contiki-ng-sky.a(rpl-neighbor.o)
                0x0000ca88                rpl_neighbor_select_best
 .text.rpl_neighbor_init
                0x0000cadc        0xe build/sky/contiki-ng-sky.a(rpl-neighbor.o)
                0x0000cadc                rpl_neighbor_init
 .text.handle_state_update
                0x0000caea        0x6 build/sky/contiki-ng-sky.a(rpl-timers.o)
 .text.handle_leaving_timer
                0x0000caf0        0xc build/sky/contiki-ng-sky.a(rpl-timers.o)
 .text.schedule_dao_retransmission
                0x0000cafc       0x34 build/sky/contiki-ng-sky.a(rpl-timers.o)
 .text.new_dio_interval
                0x0000cb30       0x8a build/sky/contiki-ng-sky.a(rpl-timers.o)
 .text.handle_unicast_dio_timer
                0x0000cbba       0x12 build/sky/contiki-ng-sky.a(rpl-timers.o)
 .text.send_new_dao
                0x0000cbcc       0x28 build/sky/contiki-ng-sky.a(rpl-timers.o)
 .text.resend_dao
                0x0000cbf4       0x24 build/sky/contiki-ng-sky.a(rpl-timers.o)
 .text.handle_dao_ack_timer
                0x0000cc18       0x12 build/sky/contiki-ng-sky.a(rpl-timers.o)
 .text.handle_dio_timer
                0x0000cc2a       0x6e build/sky/contiki-ng-sky.a(rpl-timers.o)
 .text.rpl_timers_schedule_periodic_dis
                0x0000cc98       0x40 build/sky/contiki-ng-sky.a(rpl-timers.o)
                0x0000cc98                rpl_timers_schedule_periodic_dis
 .text.handle_periodic_timer
                0x0000ccd8       0x3a build/sky/contiki-ng-sky.a(rpl-timers.o)
 .text.handle_dis_timer
                0x0000cd12       0x26 build/sky/contiki-ng-sky.a(rpl-timers.o)
 .text.rpl_timers_dio_reset
                0x0000cd38       0x2e build/sky/contiki-ng-sky.a(rpl-timers.o)
                0x0000cd38                rpl_timers_dio_reset
 .text.rpl_timers_schedule_unicast_dio
                0x0000cd66       0x20 build/sky/contiki-ng-sky.a(rpl-timers.o)
                0x0000cd66                rpl_timers_schedule_unicast_dio
 .text.rpl_timers_schedule_dao
                0x0000cd86       0x3c build/sky/contiki-ng-sky.a(rpl-timers.o)
                0x0000cd86                rpl_timers_schedule_dao
 .text.rpl_timers_schedule_dao_ack
                0x0000cdc2       0x34 build/sky/contiki-ng-sky.a(rpl-timers.o)
                0x0000cdc2                rpl_timers_schedule_dao_ack
 .text.rpl_timers_notify_dao_ack
                0x0000cdf6       0x82 build/sky/contiki-ng-sky.a(rpl-timers.o)
                0x0000cdf6                rpl_timers_notify_dao_ack
 .text.get_probing_delay
                0x0000ce78       0x1c build/sky/contiki-ng-sky.a(rpl-timers.o)
                0x0000ce78                get_probing_delay
 .text.get_probing_target
                0x0000ce94       0xee build/sky/contiki-ng-sky.a(rpl-timers.o)
                0x0000ce94                get_probing_target
 .text.rpl_schedule_probing
                0x0000cf82       0x20 build/sky/contiki-ng-sky.a(rpl-timers.o)
                0x0000cf82                rpl_schedule_probing
 .text.handle_probing_timer
                0x0000cfa2       0x2a build/sky/contiki-ng-sky.a(rpl-timers.o)
 .text.rpl_schedule_probing_now
                0x0000cfcc       0x24 build/sky/contiki-ng-sky.a(rpl-timers.o)
                0x0000cfcc                rpl_schedule_probing_now
 .text.rpl_timers_unschedule_leaving
                0x0000cff0       0x1c build/sky/contiki-ng-sky.a(rpl-timers.o)
                0x0000cff0                rpl_timers_unschedule_leaving
 .text.rpl_timers_schedule_leaving
                0x0000d00c       0x2a build/sky/contiki-ng-sky.a(rpl-timers.o)
                0x0000d00c                rpl_timers_schedule_leaving
 .text.rpl_timers_init
                0x0000d036       0x1c build/sky/contiki-ng-sky.a(rpl-timers.o)
                0x0000d036                rpl_timers_init
 .text.rpl_timers_stop_dag_timers
                0x0000d052       0x4c build/sky/contiki-ng-sky.a(rpl-timers.o)
                0x0000d052                rpl_timers_stop_dag_timers
 .text.rpl_timers_unschedule_state_update
                0x0000d09e       0x10 build/sky/contiki-ng-sky.a(rpl-timers.o)
                0x0000d09e                rpl_timers_unschedule_state_update
 .text.rpl_timers_schedule_state_update
                0x0000d0ae       0x1c build/sky/contiki-ng-sky.a(rpl-timers.o)
                0x0000d0ae                rpl_timers_schedule_state_update
 .text.update_hbh_header
                0x0000d0ca       0x4a build/sky/contiki-ng-sky.a(rpl-ext-header.)
 .text.rpl_ext_header_srh_get_next_hop
                0x0000d114       0x84 build/sky/contiki-ng-sky.a(rpl-ext-header.)
                0x0000d114                rpl_ext_header_srh_get_next_hop
 .text.rpl_ext_header_srh_update
                0x0000d198      0x106 build/sky/contiki-ng-sky.a(rpl-ext-header.)
                0x0000d198                rpl_ext_header_srh_update
 .text.rpl_ext_header_hbh_update
                0x0000d29e       0x9e build/sky/contiki-ng-sky.a(rpl-ext-header.)
                0x0000d29e                rpl_ext_header_hbh_update
 .text.rpl_ext_header_remove
                0x0000d33c       0xcc build/sky/contiki-ng-sky.a(rpl-ext-header.)
                0x0000d33c                rpl_ext_header_remove
 .text.rpl_ext_header_update
                0x0000d408      0x2aa build/sky/contiki-ng-sky.a(rpl-ext-header.)
                0x0000d408                rpl_ext_header_update
 .text.update_state
                0x0000d6b2       0x78 build/sky/contiki-ng-sky.a(rpl-nbr-policy.)
 .text.rpl_nbr_policy_find_removable
                0x0000d72a       0x50 build/sky/contiki-ng-sky.a(rpl-nbr-policy.)
                0x0000d72a                rpl_nbr_policy_find_removable
 .text.reset    0x0000d77a        0x2 build/sky/contiki-ng-sky.a(rpl-mrhof.o)
 .text.update_metric_container
                0x0000d77c        0x6 build/sky/contiki-ng-sky.a(rpl-mrhof.o)
 .text.nbr_link_metric
                0x0000d782       0x12 build/sky/contiki-ng-sky.a(rpl-mrhof.o)
 .text.nbr_has_usable_link
                0x0000d794       0x14 build/sky/contiki-ng-sky.a(rpl-mrhof.o)
 .text.nbr_path_cost
                0x0000d7a8       0x38 build/sky/contiki-ng-sky.a(rpl-mrhof.o)
 .text.within_hysteresis
                0x0000d7e0       0x54 build/sky/contiki-ng-sky.a(rpl-mrhof.o)
 .text.nbr_is_acceptable_parent
                0x0000d834       0x2c build/sky/contiki-ng-sky.a(rpl-mrhof.o)
 .text.rank_via_nbr
                0x0000d860       0x48 build/sky/contiki-ng-sky.a(rpl-mrhof.o)
 .text.best_parent
                0x0000d8a8       0x7c build/sky/contiki-ng-sky.a(rpl-mrhof.o)
 .text.spi_init
                0x0000d924       0x30 build/sky/contiki-ng-sky.a(spi-legacy.o)
                0x0000d924                spi_init
 .text.libgcc   0x0000d954       0x2c /usr/local/bin/../lib/gcc/msp430/4.7.2/mmpy-16/libgcc.a(_mulsi3.o)
                0x0000d954                __mulsi3
 .text.libgcc   0x0000d980       0x22 /usr/local/bin/../lib/gcc/msp430/4.7.2/mmpy-16/libgcc.a(_udivmod16.o)
                0x0000d980                __udivhi3
                0x0000d980                __ext_udivmod16
                0x0000d99a                __umodhi3
 .text.libgcc   0x0000d9a2       0x3a /usr/local/bin/../lib/gcc/msp430/4.7.2/mmpy-16/libgcc.a(_divmod16.o)
                0x0000d9a2                __ext_divmod16
                0x0000d9a2                __divhi3
                0x0000d9d4                __modhi3
 .text.libgcc   0x0000d9dc       0x40 /usr/local/bin/../lib/gcc/msp430/4.7.2/mmpy-16/libgcc.a(_udivmod32.o)
                0x0000d9dc                __udivsi3
                0x0000d9dc                __ext_udivmod32
                0x0000da12                __umodsi3
 .text.libgcc   0x0000da1c       0x4c /usr/local/bin/../lib/gcc/msp430/4.7.2/mmpy-16/libgcc.a(_divmod32.o)
                0x0000da1c                __ext_divmod32
                0x0000da1c                __divsi3
                0x0000da5e                __modsi3
 .text.printf   0x0000da68       0x10 /usr/local/bin/../lib/gcc/msp430/4.7.2/../../../../msp430/lib/mmpy-16/libc.a(printf.o)
                0x0000da68                printf
 .text.append   0x0000da78       0x22 /usr/local/bin/../lib/gcc/msp430/4.7.2/../../../../msp430/lib/mmpy-16/libc.a(sprintf.o)
 .text.call_vuprintf
                0x0000da9a       0x3a /usr/local/bin/../lib/gcc/msp430/4.7.2/../../../../msp430/lib/mmpy-16/libc.a(sprintf.o)
 .text.snprintf
                0x0000dad4       0x1a /usr/local/bin/../lib/gcc/msp430/4.7.2/../../../../msp430/lib/mmpy-16/libc.a(sprintf.o)
                0x0000dad4                snprintf
 .text.print_field
                0x0000daee      0x194 /usr/local/bin/../lib/gcc/msp430/4.7.2/../../../../msp430/lib/mmpy-16/libc.a(vuprintf.o)
 .text.vuprintf
                0x0000dc82      0x63e /usr/local/bin/../lib/gcc/msp430/4.7.2/../../../../msp430/lib/mmpy-16/libc.a(vuprintf.o)
                0x0000dc82                vuprintf
 .text.puts     0x0000e2c0       0x2c /usr/local/bin/../lib/gcc/msp430/4.7.2/../../../../msp430/lib/mmpy-16/libc.a(puts.o)
                0x0000e2c0                puts
 .text.rand     0x0000e2ec       0x26 /usr/local/bin/../lib/gcc/msp430/4.7.2/../../../../msp430/lib/mmpy-16/libc.a(rand.o)
                0x0000e2ec                rand
 .text.srand    0x0000e312        0xa /usr/local/bin/../lib/gcc/msp430/4.7.2/../../../../msp430/lib/mmpy-16/libc.a(rand.o)
                0x0000e312                srand
 .text.memcmp   0x0000e31c       0x30 /usr/local/bin/../lib/gcc/msp430/4.7.2/../../../../msp430/lib/mmpy-16/libc.a(memcmp.o)
                0x0000e31c                memcmp
 .text.memcpy   0x0000e34c       0xfa /usr/local/bin/../lib/gcc/msp430/4.7.2/../../../../msp430/lib/mmpy-16/libc.a(memcpy.o)
                0x0000e34c                memcpy
 .text.memmove  0x0000e446       0xfa /usr/local/bin/../lib/gcc/msp430/4.7.2/../../../../msp430/lib/mmpy-16/libc.a(memmove.o)
                0x0000e446                memmove
 .text.memset   0x0000e540       0x6a /usr/local/bin/../lib/gcc/msp430/4.7.2/../../../../msp430/lib/mmpy-16/libc.a(memset.o)
                0x0000e540                memset
 .text.libgcc   0x0000e5aa       0xf0 /usr/local/bin/../lib/gcc/msp430/4.7.2/mmpy-16/libgcc.a(_udivmod64.o)
                0x0000e5aa                __xabi_udivmod64
                0x0000e608                __udivdi3
                0x0000e62e                __umoddi3
                0x0000e65c                __udivmoddi4
 .text.crt0     0x0000e69a        0x2 /usr/local/bin/../lib/gcc/msp430/4.7.2/mmpy-16/libcrt0.a(_unexpected_.o)
                0x0000e69a                _unexpected_
 *(.near.text .near.text.*)

.rodata         0x0000e69c      0x4fd
                0x0000e69c                . = ALIGN (0x2)
 *(.rodata .rodata.* .gnu.linkonce.r.*)
 .rodata        0x0000e69c       0x9e udp-client.o
                0x0000e72a                autostart_processes
 .rodata        0x0000e73a       0xf1 build/sky/obj/contiki-main.o
 *fill*         0x0000e82b        0x1 00
 .rodata        0x0000e82c        0xe build/sky/contiki-ng-sky.a(sht11-sensor.o)
                0x0000e832                sht11_sensor
 .rodata        0x0000e83a       0x10 build/sky/contiki-ng-sky.a(button-sensor.o)
                0x0000e842                button_sensor
 .rodata        0x0000e84a        0x8 build/sky/contiki-ng-sky.a(sensors.o)
 .rodata        0x0000e852       0x31 build/sky/contiki-ng-sky.a(platform.o)
 .rodata        0x0000e883        0xc build/sky/contiki-ng-sky.a(etimer.o)
 *fill*         0x0000e88f        0x1 00
 .rodata        0x0000e890       0xb6 build/sky/contiki-ng-sky.a(log.o)
 .rodata        0x0000e946        0xf build/sky/contiki-ng-sky.a(ctimer.o)
 *fill*         0x0000e955        0x1 00
 .rodata        0x0000e956        0x8 build/sky/contiki-ng-sky.a(linkaddr.o)
                0x0000e956                linkaddr_null
 .rodata        0x0000e95e       0x14 build/sky/contiki-ng-sky.a(csma.o)
                0x0000e964                csma_driver
 .rodata        0x0000e972        0xd build/sky/contiki-ng-sky.a(tcpip.o)
 .rodata        0x0000e97f       0x13 build/sky/contiki-ng-sky.a(simple-udp.o)
 .rodata        0x0000e992       0x26 build/sky/contiki-ng-sky.a(sicslowpan.o)
                0x0000e99e                sicslowpan_driver
                0x0000e9a6                llprefix
                0x0000e9a8                unc_mxconf
                0x0000e9ac                unc_ctxconf
                0x0000e9b0                unc_llconf
 .rodata        0x0000e9b8       0x2d build/sky/contiki-ng-sky.a(uiplib.o)
 *fill*         0x0000e9e5        0x1 00
 .rodata        0x0000e9e6       0x34 build/sky/contiki-ng-sky.a(rpl.o)
                0x0000e9f0                rpl_lite_driver
 *fill*         0x0000ea1a        0x2 00
 .rodata.get_value
                0x0000ea1c       0x34 build/sky/contiki-ng-sky.a(cc2420.o)
 .rodata.set_value
                0x0000ea50       0x10 build/sky/contiki-ng-sky.a(cc2420.o)
 .rodata        0x0000ea60       0x3e build/sky/contiki-ng-sky.a(cc2420.o)
                0x0000ea60                cc2420_aes_128_driver
                0x0000ea64                cc2420_driver
 .rodata        0x0000ea9e        0x6 build/sky/contiki-ng-sky.a(framer-802154.o)
                0x0000ea9e                framer_802154
 .rodata        0x0000eaa4        0x2 build/sky/contiki-ng-sky.a(frame802154.o)
 .rodata        0x0000eaa6       0xe0 build/sky/contiki-ng-sky.a(rpl-dag.o)
 .rodata        0x0000eb86        0xc build/sky/contiki-ng-sky.a(rpl-timers.o)
 .rodata.vuprintf
                0x0000eb92        0x7 /usr/local/bin/../lib/gcc/msp430/4.7.2/../../../../msp430/lib/mmpy-16/libc.a(vuprintf.o)
 *(.near.rodata .near.rodata.*)
                0x0000eb9a                . = ALIGN (0x2)
                0x0000eb9a                _etext = .

.data           0x00001100      0x13c load address 0x0000eb9a
                0x00001100                . = ALIGN (0x2)
                0x00001100                __data_start = .
 *(.data .data.* .gnu.linkonce.d.*)
 .data          0x00001100        0xa udp-client.o
                0x00001100                udp_client_process
 .data          0x0000110a        0x1 build/sky/contiki-ng-sky.a(sht11-sensor.o)
 *fill*         0x0000110b        0x1 00
 .data          0x0000110c        0xa build/sky/contiki-ng-sky.a(sensors.o)
                0x0000110c                sensors_process
 .data          0x00001116        0x2 build/sky/contiki-ng-sky.a(msp430.o)
 .data          0x00001118        0xa build/sky/contiki-ng-sky.a(etimer.o)
                0x00001118                etimer_process
 .data          0x00001122       0x50 build/sky/contiki-ng-sky.a(log.o)
                0x00001122                all_modules
                0x00001170                curr_log_level_main
 .data          0x00001172        0xa build/sky/contiki-ng-sky.a(ctimer.o)
                0x00001172                ctimer_process
 .data          0x0000117c       0x10 build/sky/contiki-ng-sky.a(queuebuf.o)
 .data          0x0000118c       0x18 build/sky/contiki-ng-sky.a(csma-output.o)
 .data          0x000011a4        0x8 build/sky/contiki-ng-sky.a(uip-ds6-route.o)
 .data          0x000011ac        0x8 build/sky/contiki-ng-sky.a(uip-ds6-nbr.o)
 .data          0x000011b4        0xa build/sky/contiki-ng-sky.a(tcpip.o)
                0x000011b4                tcpip_process
 .data          0x000011be        0x6 build/sky/contiki-ng-sky.a(uip-nd6.o)
 .data          0x000011c4        0xa build/sky/contiki-ng-sky.a(simple-udp.o)
                0x000011c4                simple_udp_process
 .data          0x000011ce       0x18 build/sky/contiki-ng-sky.a(rpl-icmp6.o)
 .data          0x000011e6        0x4 build/sky/contiki-ng-sky.a(contiki-sky-pla)
                0x000011e6                sensors
 .data          0x000011ea        0xc build/sky/contiki-ng-sky.a(cc2420.o)
                0x000011ea                cc2420_process
 .data          0x000011f6        0x8 build/sky/contiki-ng-sky.a(nbr-table.o)
 .data          0x000011fe        0x8 build/sky/contiki-ng-sky.a(link-stats.o)
 .data          0x00001206        0x2 build/sky/contiki-ng-sky.a(frame802154.o)
 .data          0x00001208        0xc build/sky/contiki-ng-sky.a(uip-icmp6.o)
 .data          0x00001214        0x8 build/sky/contiki-ng-sky.a(uip-sr.o)
 .data          0x0000121c        0xa build/sky/contiki-ng-sky.a(rpl-neighbor.o)
                0x0000121c                rpl_neighbors
 .data          0x00001226       0x12 build/sky/contiki-ng-sky.a(rpl-mrhof.o)
                0x00001226                rpl_mrhof
 .data.next     0x00001238        0x4 /usr/local/bin/../lib/gcc/msp430/4.7.2/../../../../msp430/lib/mmpy-16/libc.a(rand.o)
 *(.near.data .near.data.*)
                0x0000123c                . = ALIGN (0x2)
                0x0000123c                _edata = .
                0x0000eb9a                __data_load_start = LOADADDR (.data)
                0x0000013c                __data_size = SIZEOF (.data)

.bss            0x0000123c     0x1b6a load address 0x0000ecd6
                0x0000123c                __bss_start = .
 *(.bss .bss.*)
 .bss           0x0000123c       0x4a udp-client.o
 .bss           0x00001286        0x8 build/sky/contiki-ng-sky.a(button-sensor.o)
 .bss           0x0000128e        0x6 build/sky/contiki-ng-sky.a(sensors.o)
 .bss           0x00001294        0x8 build/sky/contiki-ng-sky.a(platform.o)
 .bss           0x0000129c        0xa build/sky/contiki-ng-sky.a(clock.o)
 .bss           0x000012a6        0x2 build/sky/contiki-ng-sky.a(watchdog.o)
 .bss           0x000012a8        0x6 build/sky/contiki-ng-sky.a(etimer.o)
 .bss           0x000012ae       0x16 build/sky/contiki-ng-sky.a(log.o)
                0x000012ae                curr_log_level_lwm2m
                0x000012b0                curr_log_level_snmp
                0x000012b2                curr_log_level_coap
                0x000012b4                curr_log_level_6top
                0x000012b6                curr_log_level_framer
                0x000012b8                curr_log_level_mac
                0x000012ba                curr_log_level_nullnet
                0x000012bc                curr_log_level_6lowpan
                0x000012be                curr_log_level_ipv6
                0x000012c0                curr_log_level_tcpip
                0x000012c2                curr_log_level_rpl
 .bss           0x000012c4        0x4 build/sky/contiki-ng-sky.a(ctimer.o)
 .bss           0x000012c8        0x2 build/sky/contiki-ng-sky.a(rtimer.o)
 .bss           0x000012ca        0x2 build/sky/contiki-ng-sky.a(node-id.o)
                0x000012ca                node_id
 .bss           0x000012cc       0xc8 build/sky/contiki-ng-sky.a(process.o)
                0x000012cc                process_current
                0x000012ce                process_list
 .bss           0x00001394      0x580 build/sky/contiki-ng-sky.a(queuebuf.o)
 .bss           0x00001914       0x86 build/sky/contiki-ng-sky.a(packetbuf.o)
 .bss           0x0000199a        0x2 build/sky/contiki-ng-sky.a(netstack.o)
 .bss           0x0000199c       0xbe build/sky/contiki-ng-sky.a(csma-output.o)
 .bss           0x00001a5a       0x28 build/sky/contiki-ng-sky.a(uip-ds6.o)
 .bss           0x00001a82       0x3c build/sky/contiki-ng-sky.a(uip-ds6-route.o)
 .bss           0x00001abe      0x120 build/sky/contiki-ng-sky.a(uip-ds6-nbr.o)
 .bss           0x00001bde        0xc build/sky/contiki-ng-sky.a(tcpip.o)
 .bss           0x00001bea        0x8 build/sky/contiki-ng-sky.a(uip6.o)
                0x00001bea                uip_last_proto
                0x00001bec                uip_ext_len
                0x00001bee                uip_ext_bitmap
 .bss           0x00001bf2        0x8 build/sky/contiki-ng-sky.a(uip-nd6.o)
 .bss           0x00001bfa       0xf1 build/sky/contiki-ng-sky.a(simple-udp.o)
 *fill*         0x00001ceb        0x1 00
 .bss           0x00001cec      0x6e0 build/sky/contiki-ng-sky.a(sicslowpan.o)
 .bss           0x000023cc        0x1 build/sky/contiki-ng-sky.a(rpl.o)
 *fill*         0x000023cd        0x1 00
 .bss           0x000023ce       0x12 build/sky/contiki-ng-sky.a(rpl-dag-root.o)
 .bss           0x000023e0       0x10 build/sky/contiki-ng-sky.a(cc2420.o)
 .bss           0x000023f0       0x9a build/sky/contiki-ng-sky.a(uart1.o)
 .bss           0x0000248a       0xe4 build/sky/contiki-ng-sky.a(nbr-table.o)
 .bss           0x0000256e       0xa0 build/sky/contiki-ng-sky.a(link-stats.o)
 .bss           0x0000260e       0xe0 build/sky/contiki-ng-sky.a(mac-sequence.o)
 .bss           0x000026ee        0x2 build/sky/contiki-ng-sky.a(framer-802154.o)
 .bss           0x000026f0       0x18 build/sky/contiki-ng-sky.a(uipbuf.o)
 .bss           0x00002708       0x14 build/sky/contiki-ng-sky.a(uip-icmp6.o)
 .bss           0x0000271c      0x134 build/sky/contiki-ng-sky.a(uip-sr.o)
 .bss           0x00002850       0x80 build/sky/contiki-ng-sky.a(rpl-neighbor.o)
 .bss           0x000028d0       0x28 build/sky/contiki-ng-sky.a(rpl-timers.o)
 .bss           0x000028f8        0x8 build/sky/contiki-ng-sky.a(rpl-nbr-policy.)
 .bss.destination_
                0x00002900        0x2 /usr/local/bin/../lib/gcc/msp430/4.7.2/../../../../msp430/lib/mmpy-16/libc.a(sprintf.o)
 .bss.available_
                0x00002902        0x2 /usr/local/bin/../lib/gcc/msp430/4.7.2/../../../../msp430/lib/mmpy-16/libc.a(sprintf.o)
 *(.near.bss .near.bss.*)
 *(COMMON)
 COMMON         0x00002904        0x1 build/sky/contiki-ng-sky.a(sensors.o)
                0x00002904                sensors_event